node scripts/astra-design-e2e.mjs
PASS  reference-astra-home
PASS  reference-astra-day
PASS  reference-astra-detail
PASS  reference-astra-settings
PASS  reference-astra-offline
PASS  reference-astra-save
PASS  reference-astra-onboarding
PASS  reference-astra-update
PASS  reference-astra-settings-dark
PASS  reference-astra-day-dark
PASS  startup-loads-seeded-local-fixture
PASS  onboarding-first-use-and-honest-scope
PASS  onboarding-account-step-without-external-login
PASS  panel-shell
PASS  quick-actions-and-auth-boundary
FAIL  acceptance · Teď
FAIL  acceptance · Záznam a uložení
FAIL  acceptance · Můj den
FAIL  acceptance · Detail
FAIL  acceptance · Nastavení
FAIL  acceptance · Aktualizace
FAIL  acceptance · Offline a obnova
PASS  acceptance · Onboarding
FAIL  acceptance · Světlé a tmavé téma
FAIL  acceptance · LuTrack zůstává vypnutý
FAIL  acceptance · Astra geometrie a pořadí
FAIL  acceptance · Screenshoty zachycené pro vizuální kontrolu
⛔ Astra design E2E: .runtime/design-e2e/2026-09-30T09-08-40-475Z

EXIT_CODE=1
