
> ludone-desktop-prototype@0.1.2 typecheck
> tsc --noEmit -p jsconfig.json

electron/upload-company-selection.cjs(11,9): error TS2339: Property 'code' does not exist on type 'Error'.
tests/upload-company-selection.test.js(100,12): error TS2532: Object is possibly 'undefined'.
tests/upload-company-selection.test.js(100,41): error TS2493: Tuple type '[]' of length '0' has no element at index '0'.
tests/upload-company-selector.test.js(12,89): error TS2339: Property 'ludone' does not exist on type '{ authState?: { status: string; generation: number; }; }'.
tests/upload-company-selector.test.js(57,42): error TS2353: Object literal may only specify known properties, and 'ludone' does not exist in type '{ authState?: { status: string; generation: number; }; }'.
tests/upload-company-selector.test.js(74,42): error TS2741: Property 'generation' is missing in type '{ status: string; }' but required in type '{ status: string; generation: number; }'.
tests/upload-company-selector.test.js(85,42): error TS2353: Object literal may only specify known properties, and 'ludone' does not exist in type '{ authState?: { status: string; generation: number; }; }'.
tests/volba-firmy-v-relaci.test.js(63,59): error TS2739: Type '{ app: { getPath: Mock<() => string>; }; safeStorage: { decryptString: (value: any) => any; encryptString: (value: any) => Buffer<ArrayBuffer>; isEncryptionAvailable: () => boolean; }; companyTabidooId: string; storedSession: { ...; }; }' is missing the following properties from type '{ app: any; companyTabidooId: any; expectedCompanyId: any; guard: any; safeStorage: any; storedSession: any; }': expectedCompanyId, guard
tests/volba-firmy-v-relaci.test.js(88,59): error TS2739: Type '{ app: { getPath: Mock<() => string>; }; safeStorage: { decryptString: (value: any) => any; encryptString: (value: any) => Buffer<ArrayBuffer>; isEncryptionAvailable: () => boolean; }; companyTabidooId: string; storedSession: { ...; }; }' is missing the following properties from type '{ app: any; companyTabidooId: any; expectedCompanyId: any; guard: any; safeStorage: any; storedSession: any; }': expectedCompanyId, guard
tests/volba-firmy-v-relaci.test.js(106,49): error TS2739: Type '{ app: { getPath: Mock<() => string>; }; safeStorage: { decryptString: (value: any) => any; encryptString: (value: any) => Buffer<ArrayBuffer>; isEncryptionAvailable: () => boolean; }; companyTabidooId: string; storedSession: { ...; }; }' is missing the following properties from type '{ app: any; companyTabidooId: any; expectedCompanyId: any; guard: any; safeStorage: any; storedSession: any; }': expectedCompanyId, guard
tests/volba-firmy-v-relaci.test.js(118,49): error TS2739: Type '{ app: { getPath: Mock<() => string>; }; safeStorage: { decryptString: (value: any) => any; encryptString: (value: any) => Buffer<ArrayBuffer>; isEncryptionAvailable: () => boolean; }; companyTabidooId: string; storedSession: { ...; }; }' is missing the following properties from type '{ app: any; companyTabidooId: any; expectedCompanyId: any; guard: any; safeStorage: any; storedSession: any; }': expectedCompanyId, guard
tests/volba-firmy-v-relaci.test.js(132,51): error TS2739: Type '{ app: { getPath: Mock<() => string>; }; safeStorage: { decryptString: (value: any) => any; encryptString: (value: any) => Buffer<ArrayBuffer>; isEncryptionAvailable: () => boolean; }; companyTabidooId: string | number; storedSession: { ...; }; }' is missing the following properties from type '{ app: any; companyTabidooId: any; expectedCompanyId: any; guard: any; safeStorage: any; storedSession: any; }': expectedCompanyId, guard
tests/volba-firmy-v-relaci.test.js(153,59): error TS2739: Type '{ app: { getPath: Mock<() => string>; }; safeStorage: { decryptString: (value: any) => any; encryptString: (value: any) => Buffer<ArrayBuffer>; isEncryptionAvailable: () => boolean; }; companyTabidooId: string; storedSession: { ...; }; }' is missing the following properties from type '{ app: any; companyTabidooId: any; expectedCompanyId: any; guard: any; safeStorage: any; storedSession: any; }': expectedCompanyId, guard
tests/volba-firmy-v-relaci.test.js(174,42): error TS2739: Type '{ app: { getPath: Mock<() => string>; }; safeStorage: { decryptString: (value: any) => any; encryptString: (value: any) => Buffer<ArrayBuffer>; isEncryptionAvailable: () => boolean; }; companyTabidooId: string; storedSession: { ...; }; }' is missing the following properties from type '{ app: any; companyTabidooId: any; expectedCompanyId: any; guard: any; safeStorage: any; storedSession: any; }': expectedCompanyId, guard
tests/volba-firmy-v-relaci.test.js(192,49): error TS2739: Type '{ app: { getPath: Mock<() => string>; }; safeStorage: { decryptString: (value: any) => any; encryptString: (value: any) => Buffer<ArrayBuffer>; isEncryptionAvailable: () => boolean; }; companyTabidooId: string; storedSession: { ...; }; }' is missing the following properties from type '{ app: any; companyTabidooId: any; expectedCompanyId: any; guard: any; safeStorage: any; storedSession: any; }': expectedCompanyId, guard
tests/volba-firmy-v-relaci.test.js(201,49): error TS2741: Property 'guard' is missing in type '{ app: { getPath: Mock<() => string>; }; safeStorage: { decryptString: (value: any) => any; encryptString: (value: any) => Buffer<ArrayBuffer>; isEncryptionAvailable: () => boolean; }; companyTabidooId: null; expectedCompanyId: string; storedSession: { ...; }; }' but required in type '{ app: any; companyTabidooId: any; expectedCompanyId: any; guard: any; safeStorage: any; storedSession: any; }'.
tests/volba-firmy-v-relaci.test.js(210,49): error TS2741: Property 'guard' is missing in type '{ app: { getPath: Mock<() => string>; }; safeStorage: { decryptString: (value: any) => any; encryptString: (value: any) => Buffer<ArrayBuffer>; isEncryptionAvailable: () => boolean; }; companyTabidooId: null; expectedCompanyId: string; storedSession: { ...; }; }' but required in type '{ app: any; companyTabidooId: any; expectedCompanyId: any; guard: any; safeStorage: any; storedSession: any; }'.
tests/volba-firmy-v-relaci.test.js(213,49): error TS2741: Property 'expectedCompanyId' is missing in type '{ app: { getPath: Mock<() => string>; }; safeStorage: { decryptString: (value: any) => any; encryptString: (value: any) => Buffer<ArrayBuffer>; isEncryptionAvailable: () => boolean; }; companyTabidooId: string; storedSession: { ...; }; guard: () => boolean; }' but required in type '{ app: any; companyTabidooId: any; expectedCompanyId: any; guard: any; safeStorage: any; storedSession: any; }'.

EXIT_CODE=1

TARGETED_RERUN_AFTER_FIXES

> ludone-desktop-prototype@0.1.2 typecheck
> tsc --noEmit -p jsconfig.json


EXIT_CODE=0
