
> ludone-desktop-prototype@0.1.7 test:design:e2e
> npm run build && node scripts/astra-design-e2e.mjs


> ludone-desktop-prototype@0.1.7 build
> vite build

vite v7.3.6 building client environment for production...
transforming...
✓ 63 modules transformed.
rendering chunks...
computing gzip size...
dist/index.html                                         0.63 kB │ gzip:   0.37 kB
dist/assets/instrument-sans-latin-ext-oUstOPQL.woff2   11.09 kB
dist/assets/public-sans-latin-ext-NN8edoJ2.woff2       18.37 kB
dist/assets/public-sans-latin-CcEC6YbM.woff2           26.64 kB
dist/assets/instrument-sans-latin-CclBWeUS.woff2       29.90 kB
dist/assets/index-CYeDT5Ov.css                        133.31 kB │ gzip:  20.09 kB
dist/assets/index-BoM4goK8.js                         352.64 kB │ gzip: 105.47 kB
✓ built in 459ms
PASS  reference-astra-home
PASS  reference-astra-day
PASS  reference-astra-detail
PASS  reference-astra-settings
PASS  reference-astra-offline
PASS  reference-astra-save
PASS  reference-astra-onboarding
PASS  reference-astra-update
PASS  reference-astra-settings-dark
PASS  reference-astra-day-dark
PASS  startup-loads-seeded-local-fixture
PASS  onboarding-first-use-and-honest-scope
PASS  onboarding-account-step-without-external-login
PASS  panel-shell
PASS  quick-actions-and-auth-boundary
PASS  now-hierarchy-and-safe-actions
PASS  lutrack-remains-disabled
PASS  recording-starts-two-synthetic-sources
PASS  offline-recording-continues-locally
PASS  astra-layout-offline
PASS  acceptance · Teď
FAIL  acceptance · Záznam a uložení
FAIL  acceptance · Můj den
FAIL  acceptance · Detail
FAIL  acceptance · Nastavení
FAIL  acceptance · Aktualizace
FAIL  acceptance · Offline a obnova
PASS  acceptance · Onboarding
FAIL  acceptance · Světlé a tmavé téma
PASS  acceptance · LuTrack zůstává vypnutý
FAIL  acceptance · Astra geometrie a pořadí
FAIL  acceptance · Screenshoty zachycené pro vizuální kontrolu
⛔ Astra design E2E: .runtime/design-e2e/2026-09-30T19-04-29-618Z

EXIT_CODE=1
