TAP version 13
# Subtest: D10: pozorované Nahrávání první vyhovuje přesnému kontraktu
ok 1 - D10: pozorované Nahrávání první vyhovuje přesnému kontraktu
  ---
  duration_ms: 0.605917
  type: 'test'
  ...
# Subtest: D10 odmítne: návrat dominantního LuTracku
ok 2 - D10 odmítne: návrat dominantního LuTracku
  ---
  duration_ms: 0.161666
  type: 'test'
  ...
# Subtest: D10 odmítne: změněná výška nahrávání
ok 3 - D10 odmítne: změněná výška nahrávání
  ---
  duration_ms: 0.057417
  type: 'test'
  ...
# Subtest: D10 odmítne: chybějící nahrávání
ok 4 - D10 odmítne: chybějící nahrávání
  ---
  duration_ms: 0.048625
  type: 'test'
  ...
# Subtest: D10 odmítne: přehled před nahráváním
ok 5 - D10 odmítne: přehled před nahráváním
  ---
  duration_ms: 0.11375
  type: 'test'
  ...
# Subtest: D10 odmítne: viditelný budoucí ovladač
ok 6 - D10 odmítne: viditelný budoucí ovladač
  ---
  duration_ms: 0.059
  type: 'test'
  ...
# Subtest: D10 odmítne: aktivní budoucí ovladač
ok 7 - D10 odmítne: aktivní budoucí ovladač
  ---
  duration_ms: 0.11275
  type: 'test'
  ...
# Subtest: D10 odmítne: překrytí patičkou
ok 8 - D10 odmítne: překrytí patičkou
  ---
  duration_ms: 0.143875
  type: 'test'
  ...
# Subtest: D10: denní skupina má čas a stav bez překryvu
ok 9 - D10: denní skupina má čas a stav bez překryvu
  ---
  duration_ms: 0.323958
  type: 'test'
  ...
# Subtest: D10 den odmítne: chybějící skutečný řádek
ok 10 - D10 den odmítne: chybějící skutečný řádek
  ---
  duration_ms: 0.28925
  type: 'test'
  ...
# Subtest: D10 den odmítne: čas zasahující do nahrávky
ok 11 - D10 den odmítne: čas zasahující do nahrávky
  ---
  duration_ms: 0.102125
  type: 'test'
  ...
# Subtest: D10 den odmítne: zkrácený stav
ok 12 - D10 den odmítne: zkrácený stav
  ---
  duration_ms: 0.041792
  type: 'test'
  ...
# Subtest: D10 den odmítne: překrytí druhé položky patičkou
ok 13 - D10 den odmítne: překrytí druhé položky patičkou
  ---
  duration_ms: 0.032625
  type: 'test'
  ...
# Subtest: D10 den odmítne: nesprávná kalendářní skupina
ok 14 - D10 den odmítne: nesprávná kalendářní skupina
  ---
  duration_ms: 0.031166
  type: 'test'
  ...
1..14
# tests 14
# suites 0
# pass 14
# fail 0
# cancelled 0
# skipped 0
# todo 0
# duration_ms 46.978709

EXIT_CODE=0
