$ gh run view 35849447839 --attempt 2 --log
gates	Set up job	﻿2026-09-23T11:07:26.5682917Z Current runner version: '2.337.0'
gates	Set up job	2026-09-23T11:07:26.5707202Z ##[group]Runner Image Provisioner
gates	Set up job	2026-09-23T11:07:26.5708133Z Hosted Compute Agent
gates	Set up job	2026-09-23T11:07:26.5708664Z Version: 20260828.587
gates	Set up job	2026-09-23T11:07:26.5709253Z Commit: abac92662cab4cc7352de4f9f9d2e2419aad9c29
gates	Set up job	2026-09-23T11:07:26.5709956Z Build Date: 2026-08-28T16:44:25Z
gates	Set up job	2026-09-23T11:07:26.5710572Z Worker ID: {968120d6-808a-4910-945e-247fd76ca5c6}
gates	Set up job	2026-09-23T11:07:26.5711259Z Azure Region: westus3
gates	Set up job	2026-09-23T11:07:26.5711774Z ##[endgroup]
gates	Set up job	2026-09-23T11:07:26.5713568Z ##[group]Operating System
gates	Set up job	2026-09-23T11:07:26.5714200Z Ubuntu
gates	Set up job	2026-09-23T11:07:26.5714674Z 24.04.5
gates	Set up job	2026-09-23T11:07:26.5715166Z LTS
gates	Set up job	2026-09-23T11:07:26.5715637Z ##[endgroup]
gates	Set up job	2026-09-23T11:07:26.5716121Z ##[group]Runner Image
gates	Set up job	2026-09-23T11:07:26.5716716Z Image: ubuntu-24.04
gates	Set up job	2026-09-23T11:07:26.5717242Z Version: 20260907.300.1
gates	Set up job	2026-09-23T11:07:26.5718252Z Included Software: https://github.com/actions/runner-images/blob/ubuntu24/20260907.300/images/ubuntu/Ubuntu2404-Readme.md
gates	Set up job	2026-09-23T11:07:26.5719762Z Image Release: https://github.com/actions/runner-images/releases/tag/ubuntu24%2F20260907.300
gates	Set up job	2026-09-23T11:07:26.5720685Z ##[endgroup]
gates	Set up job	2026-09-23T11:07:26.5722027Z ##[group]GITHUB_TOKEN Permissions
gates	Set up job	2026-09-23T11:07:26.5724412Z Contents: read
gates	Set up job	2026-09-23T11:07:26.5724967Z Metadata: read
gates	Set up job	2026-09-23T11:07:26.5725539Z ##[endgroup]
gates	Set up job	2026-09-23T11:07:26.5727658Z Secret source: Actions
gates	Set up job	2026-09-23T11:07:26.5728556Z Cache mode: write
gates	Set up job	2026-09-23T11:07:26.5729230Z Prepare workflow directory
gates	Set up job	2026-09-23T11:07:26.6109073Z Prepare all required actions
gates	Set up job	2026-09-23T11:07:26.6158437Z Getting action download info
gates	Set up job	2026-09-23T11:07:26.9320345Z Download action repository 'actions/checkout@v4' (SHA:11d5960a326750d5838078e36cf38b85af677262)
gates	Set up job	2026-09-23T11:07:27.0457178Z Download action repository 'actions/setup-node@v4' (SHA:49933ea5288caeca8642d1e84afbd3f7d6820020)
gates	Set up job	2026-09-23T11:07:27.2302605Z Complete job name: gates
gates	Run actions/checkout@v4	﻿2026-09-23T11:07:27.3075648Z Node 20 is being deprecated. This workflow is running with Node 24 by default. If you need to temporarily use Node 20, you can set the ACTIONS_ALLOW_USE_UNSECURE_NODE_VERSION=true environment variable. For more information see: https://github.blog/changelog/2025-09-19-deprecation-of-node-20-on-github-actions-runners/
gates	Run actions/checkout@v4	2026-09-23T11:07:27.3084573Z ##[group]Run actions/checkout@v4
gates	Run actions/checkout@v4	2026-09-23T11:07:27.3085393Z with:
gates	Run actions/checkout@v4	2026-09-23T11:07:27.3085932Z   repository: Make-more-s-r-o/ludone-desktop
gates	Run actions/checkout@v4	2026-09-23T11:07:27.3090022Z   token: ***
gates	Run actions/checkout@v4	2026-09-23T11:07:27.3090617Z   ssh-strict: true
gates	Run actions/checkout@v4	2026-09-23T11:07:27.3091081Z   ssh-user: git
gates	Run actions/checkout@v4	2026-09-23T11:07:27.3091606Z   persist-credentials: true
gates	Run actions/checkout@v4	2026-09-23T11:07:27.3092143Z   clean: true
gates	Run actions/checkout@v4	2026-09-23T11:07:27.3092978Z   sparse-checkout-cone-mode: true
gates	Run actions/checkout@v4	2026-09-23T11:07:27.3093571Z   fetch-depth: 1
gates	Run actions/checkout@v4	2026-09-23T11:07:27.3094043Z   fetch-tags: false
gates	Run actions/checkout@v4	2026-09-23T11:07:27.3094523Z   show-progress: true
gates	Run actions/checkout@v4	2026-09-23T11:07:27.3095680Z   lfs: false
gates	Run actions/checkout@v4	2026-09-23T11:07:27.3096132Z   submodules: false
gates	Run actions/checkout@v4	2026-09-23T11:07:27.3096753Z   set-safe-directory: true
gates	Run actions/checkout@v4	2026-09-23T11:07:27.3097292Z   allow-unsafe-pr-checkout: false
gates	Run actions/checkout@v4	2026-09-23T11:07:27.3098265Z ##[endgroup]
gates	Run actions/checkout@v4	2026-09-23T11:07:27.4260268Z Syncing repository: Make-more-s-r-o/ludone-desktop
gates	Run actions/checkout@v4	2026-09-23T11:07:27.4262481Z ##[group]Getting Git version info
gates	Run actions/checkout@v4	2026-09-23T11:07:27.4263240Z Working directory is '/home/runner/work/ludone-desktop/ludone-desktop'
gates	Run actions/checkout@v4	2026-09-23T11:07:27.4264214Z [command]/usr/bin/git version
gates	Run actions/checkout@v4	2026-09-23T11:07:27.4324574Z git version 2.55.0
gates	Run actions/checkout@v4	2026-09-23T11:07:27.4345806Z ##[endgroup]
gates	Run actions/checkout@v4	2026-09-23T11:07:27.4365784Z Temporarily overriding HOME='/home/runner/work/_temp/07c8f116-5f26-4620-a20b-d54289ca2204' before making global git config changes
gates	Run actions/checkout@v4	2026-09-23T11:07:27.4371075Z Adding repository directory to the temporary git global config as a safe directory
gates	Run actions/checkout@v4	2026-09-23T11:07:27.4373982Z [command]/usr/bin/git config --global --add safe.directory /home/runner/work/ludone-desktop/ludone-desktop
gates	Run actions/checkout@v4	2026-09-23T11:07:27.4420279Z Deleting the contents of '/home/runner/work/ludone-desktop/ludone-desktop'
gates	Run actions/checkout@v4	2026-09-23T11:07:27.4438436Z ##[group]Initializing the repository
gates	Run actions/checkout@v4	2026-09-23T11:07:27.4464894Z [command]/usr/bin/git init /home/runner/work/ludone-desktop/ludone-desktop
gates	Run actions/checkout@v4	2026-09-23T11:07:27.4561899Z hint: Using 'master' as the name for the initial branch. This default branch name
gates	Run actions/checkout@v4	2026-09-23T11:07:27.4564415Z hint: will change to "main" in Git 3.0. To configure the initial branch name
gates	Run actions/checkout@v4	2026-09-23T11:07:27.4566286Z hint: to use in all of your new repositories, which will suppress this warning,
gates	Run actions/checkout@v4	2026-09-23T11:07:27.4567796Z hint: call:
gates	Run actions/checkout@v4	2026-09-23T11:07:27.4568682Z hint:
gates	Run actions/checkout@v4	2026-09-23T11:07:27.4569758Z hint: 	git config --global init.defaultBranch <name>
gates	Run actions/checkout@v4	2026-09-23T11:07:27.4571048Z hint:
gates	Run actions/checkout@v4	2026-09-23T11:07:27.4572365Z hint: Names commonly chosen instead of 'master' are 'main', 'trunk' and
gates	Run actions/checkout@v4	2026-09-23T11:07:27.4574018Z hint: 'development'. The just-created branch can be renamed via this command:
gates	Run actions/checkout@v4	2026-09-23T11:07:27.4575500Z hint:
gates	Run actions/checkout@v4	2026-09-23T11:07:27.4576414Z hint: 	git branch -m <name>
gates	Run actions/checkout@v4	2026-09-23T11:07:27.4577265Z hint:
gates	Run actions/checkout@v4	2026-09-23T11:07:27.4578399Z hint: Disable this message with "git config set advice.defaultBranchName false"
gates	Run actions/checkout@v4	2026-09-23T11:07:27.4580798Z Initialized empty Git repository in /home/runner/work/ludone-desktop/ludone-desktop/.git/
gates	Run actions/checkout@v4	2026-09-23T11:07:27.4584851Z [command]/usr/bin/git remote add origin https://github.com/Make-more-s-r-o/ludone-desktop
gates	Run actions/checkout@v4	2026-09-23T11:07:27.4620667Z ##[endgroup]
gates	Run actions/checkout@v4	2026-09-23T11:07:27.4621975Z ##[group]Disabling automatic garbage collection
gates	Run actions/checkout@v4	2026-09-23T11:07:27.4624163Z [command]/usr/bin/git config --local gc.auto 0
gates	Run actions/checkout@v4	2026-09-23T11:07:27.4653978Z ##[endgroup]
gates	Run actions/checkout@v4	2026-09-23T11:07:27.4655436Z ##[group]Setting up auth
gates	Run actions/checkout@v4	2026-09-23T11:07:27.4660544Z [command]/usr/bin/git config --local --name-only --get-regexp core\.sshCommand
gates	Run actions/checkout@v4	2026-09-23T11:07:27.4689783Z [command]/usr/bin/git submodule foreach --recursive sh -c "git config --local --name-only --get-regexp 'core\.sshCommand' && git config --local --unset-all 'core.sshCommand' || :"
gates	Run actions/checkout@v4	2026-09-23T11:07:27.5023910Z [command]/usr/bin/git config --local --name-only --get-regexp http\.https\:\/\/github\.com\/\.extraheader
gates	Run actions/checkout@v4	2026-09-23T11:07:27.5057888Z [command]/usr/bin/git submodule foreach --recursive sh -c "git config --local --name-only --get-regexp 'http\.https\:\/\/github\.com\/\.extraheader' && git config --local --unset-all 'http.https://github.com/.extraheader' || :"
gates	Run actions/checkout@v4	2026-09-23T11:07:27.5268099Z [command]/usr/bin/git config --local --name-only --get-regexp ^includeIf\.gitdir:
gates	Run actions/checkout@v4	2026-09-23T11:07:27.5301424Z [command]/usr/bin/git submodule foreach --recursive git config --local --show-origin --name-only --get-regexp remote.origin.url
gates	Run actions/checkout@v4	2026-09-23T11:07:27.5499239Z [command]/usr/bin/git config --local http.https://github.com/.extraheader AUTHORIZATION: basic ***
gates	Run actions/checkout@v4	2026-09-23T11:07:27.5535809Z ##[endgroup]
gates	Run actions/checkout@v4	2026-09-23T11:07:27.5537150Z ##[group]Fetching the repository
gates	Run actions/checkout@v4	2026-09-23T11:07:27.5546998Z [command]/usr/bin/git -c protocol.version=2 fetch --no-tags --prune --no-recurse-submodules --depth=1 origin +cb47c7532e9cbc1c75c160f7528aadfc36f9d72f:refs/remotes/origin/main
gates	Run actions/checkout@v4	2026-09-23T11:07:29.0391097Z From https://github.com/Make-more-s-r-o/ludone-desktop
gates	Run actions/checkout@v4	2026-09-23T11:07:29.0393484Z  * [new ref]         cb47c7532e9cbc1c75c160f7528aadfc36f9d72f -> origin/main
gates	Run actions/checkout@v4	2026-09-23T11:07:29.0397995Z ##[endgroup]
gates	Run actions/checkout@v4	2026-09-23T11:07:29.0399757Z ##[group]Determining the checkout info
gates	Run actions/checkout@v4	2026-09-23T11:07:29.0401645Z ##[endgroup]
gates	Run actions/checkout@v4	2026-09-23T11:07:29.0406531Z [command]/usr/bin/git sparse-checkout disable
gates	Run actions/checkout@v4	2026-09-23T11:07:29.0458703Z [command]/usr/bin/git config --local --unset-all extensions.worktreeConfig
gates	Run actions/checkout@v4	2026-09-23T11:07:29.0485734Z ##[group]Checking out the ref
gates	Run actions/checkout@v4	2026-09-23T11:07:29.0491334Z [command]/usr/bin/git checkout --progress --force -B main refs/remotes/origin/main
gates	Run actions/checkout@v4	2026-09-23T11:07:29.1122734Z Switched to a new branch 'main'
gates	Run actions/checkout@v4	2026-09-23T11:07:29.1126998Z branch 'main' set up to track 'origin/main'.
gates	Run actions/checkout@v4	2026-09-23T11:07:29.1134365Z ##[endgroup]
gates	Run actions/checkout@v4	2026-09-23T11:07:29.1170539Z [command]/usr/bin/git log -1 --format=%H
gates	Run actions/checkout@v4	2026-09-23T11:07:29.1194450Z cb47c7532e9cbc1c75c160f7528aadfc36f9d72f
gates	Run actions/setup-node@v4	﻿2026-09-23T11:07:29.1566088Z Node 20 is being deprecated. This workflow is running with Node 24 by default. If you need to temporarily use Node 20, you can set the ACTIONS_ALLOW_USE_UNSECURE_NODE_VERSION=true environment variable. For more information see: https://github.blog/changelog/2025-09-19-deprecation-of-node-20-on-github-actions-runners/
gates	Run actions/setup-node@v4	2026-09-23T11:07:29.1571870Z ##[group]Run actions/setup-node@v4
gates	Run actions/setup-node@v4	2026-09-23T11:07:29.1573177Z with:
gates	Run actions/setup-node@v4	2026-09-23T11:07:29.1574045Z   node-version: 22
gates	Run actions/setup-node@v4	2026-09-23T11:07:29.1574960Z   cache: npm
gates	Run actions/setup-node@v4	2026-09-23T11:07:29.1575842Z   always-auth: false
gates	Run actions/setup-node@v4	2026-09-23T11:07:29.1576794Z   check-latest: false
gates	Run actions/setup-node@v4	2026-09-23T11:07:29.1586256Z   token: ***
gates	Run actions/setup-node@v4	2026-09-23T11:07:29.1587105Z ##[endgroup]
gates	Run actions/setup-node@v4	2026-09-23T11:07:29.3053687Z Found in cache @ /opt/hostedtoolcache/node/22.23.2/x64
gates	Run actions/setup-node@v4	2026-09-23T11:07:29.3059129Z (node:2171) [DEP0040] DeprecationWarning: The `punycode` module is deprecated. Please use a userland alternative instead.
gates	Run actions/setup-node@v4	2026-09-23T11:07:29.3062416Z (Use `node --trace-deprecation ...` to show where the warning was created)
gates	Run actions/setup-node@v4	2026-09-23T11:07:29.3064881Z ##[group]Environment details
gates	Run actions/setup-node@v4	2026-09-23T11:07:29.7077622Z node: v22.23.2
gates	Run actions/setup-node@v4	2026-09-23T11:07:29.7079129Z npm: 10.9.8
gates	Run actions/setup-node@v4	2026-09-23T11:07:29.7079575Z yarn: 1.22.22
gates	Run actions/setup-node@v4	2026-09-23T11:07:29.7080560Z ##[endgroup]
gates	Run actions/setup-node@v4	2026-09-23T11:07:29.7098668Z [command]/opt/hostedtoolcache/node/22.23.2/x64/bin/npm config get cache
gates	Run actions/setup-node@v4	2026-09-23T11:07:29.8200628Z /home/runner/.npm
gates	Run actions/setup-node@v4	2026-09-23T11:07:30.0335408Z Cache hit for: node-cache-Linux-x64-npm-7164946e0531f3f3b0379c8c6f4b0bba660a68cf5a9cbdf07cd0eb421061b6f5
gates	Run actions/setup-node@v4	2026-09-23T11:07:30.0446414Z (node:2171) [DEP0169] DeprecationWarning: `url.parse()` behavior is not standardized and prone to errors that have security implications. Use the WHATWG URL API instead. CVEs are not issued for `url.parse()` vulnerabilities.
gates	Run actions/setup-node@v4	2026-09-23T11:07:31.2681868Z Received 29360128 of 49398448 (59.4%), 28.0 MBs/sec
gates	Run actions/setup-node@v4	2026-09-23T11:07:31.4636078Z Received 49398448 of 49398448 (100.0%), 39.4 MBs/sec
gates	Run actions/setup-node@v4	2026-09-23T11:07:31.4637318Z Cache Size: ~47 MB (49398448 B)
gates	Run actions/setup-node@v4	2026-09-23T11:07:31.4673318Z [command]/usr/bin/tar -xf /home/runner/work/_temp/ef3e1389-90b6-45dd-9ee7-e32b3a76af44/cache.tzst -P -C /home/runner/work/ludone-desktop/ludone-desktop --use-compress-program unzstd
gates	Run actions/setup-node@v4	2026-09-23T11:07:31.5705889Z Cache restored successfully
gates	Run actions/setup-node@v4	2026-09-23T11:07:31.5734526Z Cache restored from key: node-cache-Linux-x64-npm-7164946e0531f3f3b0379c8c6f4b0bba660a68cf5a9cbdf07cd0eb421061b6f5
gates	Run npm ci	﻿2026-09-23T11:07:31.5877778Z ##[group]Run npm ci
gates	Run npm ci	2026-09-23T11:07:31.5878143Z ^[[36;1mnpm ci^[[0m
gates	Run npm ci	2026-09-23T11:07:31.5913498Z shell: /usr/bin/bash -e {0}
gates	Run npm ci	2026-09-23T11:07:31.5913835Z ##[endgroup]
gates	Run npm ci	2026-09-23T11:07:33.7374639Z npm warn deprecated inflight@1.0.6: This module is not supported, and leaks memory. Do not use it. Check out lru-cache if you want a good and tested way to coalesce async requests by a key value, which is much more comprehensive and powerful.
gates	Run npm ci	2026-09-23T11:07:33.7817633Z npm warn deprecated rimraf@2.6.3: Rimraf versions prior to v4 are no longer supported
gates	Run npm ci	2026-09-23T11:07:33.8004196Z npm warn deprecated lodash.isequal@4.5.0: This package is deprecated. Use require('node:util').isDeepStrictEqual instead.
gates	Run npm ci	2026-09-23T11:07:33.8751766Z npm warn deprecated glob@7.2.3: Old versions of glob are not supported, and contain widely publicized security vulnerabilities, which have been fixed in the current version. Please update. Support for old versions may be purchased (at exorbitant rates) by contacting i@izs.me
gates	Run npm ci	2026-09-23T11:07:33.8763673Z npm warn deprecated glob@7.2.3: Old versions of glob are not supported, and contain widely publicized security vulnerabilities, which have been fixed in the current version. Please update. Support for old versions may be purchased (at exorbitant rates) by contacting i@izs.me
gates	Run npm ci	2026-09-23T11:07:34.2184862Z npm warn deprecated boolean@3.2.0: Package no longer supported. Contact Support at https://www.npmjs.com/support for more info.
gates	Run npm ci	2026-09-23T11:07:34.8671222Z npm warn deprecated glob@10.5.0: Old versions of glob are not supported, and contain widely publicized security vulnerabilities, which have been fixed in the current version. Please update. Support for old versions may be purchased (at exorbitant rates) by contacting i@izs.me
gates	Run npm ci	2026-09-23T11:07:35.3813403Z npm warn deprecated eslint@9.39.5: This version is no longer supported. Please see https://eslint.org/version-support for other options.
gates	Run npm ci	2026-09-23T11:07:38.5024174Z 
gates	Run npm ci	2026-09-23T11:07:38.5025138Z added 526 packages, and audited 527 packages in 7s
gates	Run npm ci	2026-09-23T11:07:38.5025517Z 
gates	Run npm ci	2026-09-23T11:07:38.5025704Z 98 packages are looking for funding
gates	Run npm ci	2026-09-23T11:07:38.5026009Z   run `npm fund` for details
gates	Run npm ci	2026-09-23T11:07:38.5309647Z 
gates	Run npm ci	2026-09-23T11:07:38.5310470Z 5 vulnerabilities (3 moderate, 2 high)
gates	Run npm ci	2026-09-23T11:07:38.5310888Z 
gates	Run npm ci	2026-09-23T11:07:38.5311276Z To address all issues (including breaking changes), run:
gates	Run npm ci	2026-09-23T11:07:38.5311846Z   npm audit fix --force
gates	Run npm ci	2026-09-23T11:07:38.5312112Z 
gates	Run npm ci	2026-09-23T11:07:38.5312474Z Run `npm audit` for details.
gates	Run npm run gates	﻿2026-09-23T11:07:38.5672471Z ##[group]Run npm run gates
gates	Run npm run gates	2026-09-23T11:07:38.5672882Z ^[[36;1mnpm run gates^[[0m
gates	Run npm run gates	2026-09-23T11:07:38.5696610Z shell: /usr/bin/bash -e {0}
gates	Run npm run gates	2026-09-23T11:07:38.5696903Z ##[endgroup]
gates	Run npm run gates	2026-09-23T11:07:38.6699735Z 
gates	Run npm run gates	2026-09-23T11:07:38.6700525Z > ludone-desktop-prototype@0.1.4 gates
gates	Run npm run gates	2026-09-23T11:07:38.6701168Z > npm run lint && npm run typecheck && npm run test:unit && npm run preskocene
gates	Run npm run gates	2026-09-23T11:07:38.6701458Z 
gates	Run npm run gates	2026-09-23T11:07:38.7619951Z 
gates	Run npm run gates	2026-09-23T11:07:38.7622922Z > ludone-desktop-prototype@0.1.4 lint
gates	Run npm run gates	2026-09-23T11:07:38.7623337Z > eslint .
gates	Run npm run gates	2026-09-23T11:07:38.7623480Z 
gates	Run npm run gates	2026-09-23T11:07:42.2962537Z 
gates	Run npm run gates	2026-09-23T11:07:42.2963371Z > ludone-desktop-prototype@0.1.4 typecheck
gates	Run npm run gates	2026-09-23T11:07:42.2963964Z > tsc --noEmit -p jsconfig.json
gates	Run npm run gates	2026-09-23T11:07:42.2964149Z 
gates	Run npm run gates	2026-09-23T11:07:43.0617232Z 
gates	Run npm run gates	2026-09-23T11:07:43.0618307Z > ludone-desktop-prototype@0.1.4 test:unit
gates	Run npm run gates	2026-09-23T11:07:43.0618910Z > vitest run
gates	Run npm run gates	2026-09-23T11:07:43.0619083Z 
gates	Run npm run gates	2026-09-23T11:07:43.3850463Z 
gates	Run npm run gates	2026-09-23T11:07:43.3852741Z ^[[1m^[[46m RUN ^[[49m^[[22m ^[[36mv3.2.7 ^[[39m^[[90m/home/runner/work/ludone-desktop/ludone-desktop^[[39m
gates	Run npm run gates	2026-09-23T11:07:43.3853702Z 
gates	Run npm run gates	2026-09-23T11:07:44.8731742Z  ^[[32m✓^[[39m tests/queue.test.js ^[[2m(^[[22m^[[2m134 tests^[[22m^[[2m)^[[22m^[[33m 624^[[2mms^[[22m^[[39m
gates	Run npm run gates	2026-09-23T11:07:45.0094715Z  ^[[32m✓^[[39m tests/upload-client.test.js ^[[2m(^[[22m^[[2m77 tests^[[22m^[[2m)^[[22m^[[33m 778^[[2mms^[[22m^[[39m
gates	Run npm run gates	2026-09-23T11:07:47.4007340Z ^[[90mstderr^[[2m | tests/queue-wiring.test.js^[[2m > ^[[22m^[[2mzjištění uložené OAuth session^[[2m > ^[[22m^[[2mnový stav relace rozliší platnost, mez vypršení a chybějící relaci bez mazání tokenů
gates	Run npm run gates	2026-09-23T11:07:47.4037120Z ^[[22m^[[39m[auth] Obnova relace selhala: reason=refresh-failed
gates	Run npm run gates	2026-09-23T11:07:47.4082728Z 
gates	Run npm run gates	2026-09-23T11:07:47.7405567Z ^[[90mstderr^[[2m | tests/queue-wiring.test.js^[[2m > ^[[22m^[[2mzjištění uložené OAuth session^[[2m > ^[[22m^[[2mvypršelá relace přes skutečné IPC ukáže vypršení v obou oknech a zůstane na disku
gates	Run npm run gates	2026-09-23T11:07:47.7425723Z ^[[22m^[[39m[auth] Obnova relace selhala: reason=refresh-failed
gates	Run npm run gates	2026-09-23T11:07:47.7426583Z 
gates	Run npm run gates	2026-09-23T11:07:48.0599980Z ^[[90mstdout^[[2m | tests/queue-wiring.test.js^[[2m > ^[[22m^[[2mzjištění uložené OAuth session^[[2m > ^[[22m^[[2mpřímý invoke změny prostředí neobejde blokaci běžícího LuTracku
gates	Run npm run gates	2026-09-23T11:07:48.0614591Z ^[[22m^[[39m[tracking] Uloženo: /tmp/ludone-main-queue-test-0I5H9l/cas/casovac.json
gates	Run npm run gates	2026-09-23T11:07:48.0615603Z 
gates	Run npm run gates	2026-09-23T11:07:48.0627013Z ^[[90mstdout^[[2m | tests/queue-wiring.test.js^[[2m > ^[[22m^[[2mzjištění uložené OAuth session^[[2m > ^[[22m^[[2mpřímý invoke změny prostředí neobejde blokaci běžícího LuTracku
gates	Run npm run gates	2026-09-23T11:07:48.0630042Z ^[[22m^[[39m[tracking] Uloženo: /tmp/ludone-main-queue-test-0I5H9l/cas/casovac.json
gates	Run npm run gates	2026-09-23T11:07:48.0631007Z 
gates	Run npm run gates	2026-09-23T11:07:48.5603683Z ^[[90mstdout^[[2m | tests/queue-wiring.test.js^[[2m > ^[[22m^[[2mviditelnost ikony a klikání na lištu^[[2m > ^[[22m^[[2mběžící LuTrack přepne položku na aktivní zastavení přes frontu tray příkazů
gates	Run npm run gates	2026-09-23T11:07:48.5665002Z ^[[22m^[[39m[tracking] Uloženo: /tmp/ludone-main-queue-test-LZP2LP/cas/casovac.json
gates	Run npm run gates	2026-09-23T11:07:48.5699438Z 
gates	Run npm run gates	2026-09-23T11:07:48.6325874Z ^[[90mstderr^[[2m | tests/queue-wiring.test.js^[[2m > ^[[22m^[[2mviditelnost ikony a klikání na lištu^[[2m > ^[[22m^[[2mpreload po výjimce prvního příkazu doručí druhý i třetí s rozestupy a vyzvedne další dávku
gates	Run npm run gates	2026-09-23T11:07:48.6329186Z ^[[22m^[[39m[tray] Rychlou akci stop-recording se nepodařilo zpracovat: Odběratel prvního příkazu selhal
gates	Run npm run gates	2026-09-23T11:07:48.6330218Z 
gates	Run npm run gates	2026-09-23T11:07:48.8734622Z  ^[[32m✓^[[39m tests/idle-panel.test.js ^[[2m(^[[22m^[[2m44 tests^[[22m^[[2m)^[[22m^[[33m 2581^[[2mms^[[22m^[[39m
gates	Run npm run gates	2026-09-23T11:07:48.8737185Z    ^[[33m^[[2m✓^[[22m^[[39m schválený klidový panel^[[2m > ^[[22mpři zapnutém odesílání otevře frontu s časem dalšího pokusu a retry jako dosud ^[[33m 352^[[2mms^[[22m^[[39m
gates	Run npm run gates	2026-09-23T11:07:49.5982084Z ^[[90mstderr^[[2m | tests/queue-wiring.test.js^[[2m > ^[[22m^[[2mprodukční zapojení odchozí fronty^[[2m > ^[[22m^[[2mprošlý access token neposkytne uploadu jako platný kontext
gates	Run npm run gates	2026-09-23T11:07:49.5984148Z ^[[22m^[[39m[auth] Obnova relace selhala: reason=refresh-failed
gates	Run npm run gates	2026-09-23T11:07:49.5984979Z 
gates	Run npm run gates	2026-09-23T11:07:49.8633260Z ^[[90mstderr^[[2m | tests/queue-wiring.test.js^[[2m > ^[[22m^[[2mprodukční zapojení odchozí fronty^[[2m > ^[[22m^[[2mselhaná obnova expirované session předá null a nespustí recording send
gates	Run npm run gates	2026-09-23T11:07:49.8635358Z ^[[22m^[[39m[auth] Obnova relace selhala: reason=refresh-failed
gates	Run npm run gates	2026-09-23T11:07:49.8635937Z 
gates	Run npm run gates	2026-09-23T11:07:50.4737185Z ^[[90mstdout^[[2m | tests/queue-wiring.test.js^[[2m > ^[[22m^[[2mprodukční zapojení odchozí fronty^[[2m > ^[[22m^[[2mpo trvalém uzavření časovače zařadí přes produkční store přesný časový záznam
gates	Run npm run gates	2026-09-23T11:07:50.4774373Z ^[[22m^[[39m[tracking] Uloženo: /tmp/ludone-main-queue-test-sAjBey/cas/casovac.json
gates	Run npm run gates	2026-09-23T11:07:50.4782769Z 
gates	Run npm run gates	2026-09-23T11:07:50.4785344Z ^[[90mstdout^[[2m | tests/queue-wiring.test.js^[[2m > ^[[22m^[[2mprodukční zapojení odchozí fronty^[[2m > ^[[22m^[[2mpo trvalém uzavření časovače zařadí přes produkční store přesný časový záznam
gates	Run npm run gates	2026-09-23T11:07:50.4787841Z ^[[22m^[[39m[tracking] Uloženo: /tmp/ludone-main-queue-test-sAjBey/cas/casovac.json
gates	Run npm run gates	2026-09-23T11:07:50.4788655Z 
gates	Run npm run gates	2026-09-23T11:07:50.4938931Z ^[[90mstdout^[[2m | tests/queue-wiring.test.js^[[2m > ^[[22m^[[2mprodukční zapojení odchozí fronty^[[2m > ^[[22m^[[2mselhání zařazení času za běhu otevře panel, i když se aplikace neukončuje
gates	Run npm run gates	2026-09-23T11:07:50.4941051Z ^[[22m^[[39m[tracking] Uloženo: /tmp/ludone-main-queue-test-XZFM6T/cas/casovac.json
gates	Run npm run gates	2026-09-23T11:07:50.4944789Z 
gates	Run npm run gates	2026-09-23T11:07:50.4971589Z ^[[90mstdout^[[2m | tests/queue-wiring.test.js^[[2m > ^[[22m^[[2mprodukční zapojení odchozí fronty^[[2m > ^[[22m^[[2mselhání zařazení času za běhu otevře panel, i když se aplikace neukončuje
gates	Run npm run gates	2026-09-23T11:07:50.4973830Z ^[[22m^[[39m[tracking] Uloženo: /tmp/ludone-main-queue-test-XZFM6T/cas/casovac.json
gates	Run npm run gates	2026-09-23T11:07:50.4993460Z 
gates	Run npm run gates	2026-09-23T11:07:50.6707573Z  ^[[32m✓^[[39m tests/recording-card.test.js ^[[2m(^[[22m^[[2m59 tests^[[22m^[[2m)^[[22m^[[33m 4398^[[2mms^[[22m^[[39m
gates	Run npm run gates	2026-09-23T11:07:50.6708887Z    ^[[33m^[[2m✓^[[22m^[[39m nahrávání při zneplatnění relace^[[2m > ^[[22mstav expired ponechá Stop i lokální uložení, ale zavře odesílání ^[[33m 406^[[2mms^[[22m^[[39m
gates	Run npm run gates	2026-09-23T11:07:51.2349081Z  ^[[32m✓^[[39m tests/retention.test.js ^[[2m(^[[22m^[[2m39 tests^[[22m^[[2m)^[[22m^[[32m 192^[[2mms^[[22m^[[39m
gates	Run npm run gates	2026-09-23T11:07:52.5705045Z ^[[90mstdout^[[2m | tests/queue-wiring.test.js^[[2m > ^[[22m^[[2mbezpečné ukončení aplikace^[[2m > ^[[22m^[[2mselhání zařazení časového záznamu při ukončení otevře panel a vyžádá potvrzení
gates	Run npm run gates	2026-09-23T11:07:52.5744231Z ^[[22m^[[39m[tracking] Uloženo: /tmp/ludone-main-queue-test-Gt7MzR/cas/casovac.json
gates	Run npm run gates	2026-09-23T11:07:52.5746879Z 
gates	Run npm run gates	2026-09-23T11:07:52.5767515Z ^[[90mstdout^[[2m | tests/queue-wiring.test.js^[[2m > ^[[22m^[[2mbezpečné ukončení aplikace^[[2m > ^[[22m^[[2mselhání zařazení časového záznamu při ukončení otevře panel a vyžádá potvrzení
gates	Run npm run gates	2026-09-23T11:07:52.5769601Z ^[[22m^[[39m[tracking] Uloženo: /tmp/ludone-main-queue-test-Gt7MzR/cas/casovac.json
gates	Run npm run gates	2026-09-23T11:07:52.5770533Z 
gates	Run npm run gates	2026-09-23T11:07:52.7656435Z ^[[90mstdout^[[2m | tests/tracking-timer.test.js^[[2m > ^[[22m^[[2mvypínač DESKTOP_TIME_ENABLED^[[2m > ^[[22m^[[2mprodukční wiring s hodnotou true skončí jako started
gates	Run npm run gates	2026-09-23T11:07:52.7661671Z ^[[22m^[[39m[tracking] Uloženo: /tmp/ludone-tracking-test-OztgPN/cas/casovac.json
gates	Run npm run gates	2026-09-23T11:07:52.7662173Z 
gates	Run npm run gates	2026-09-23T11:07:52.8520429Z  ^[[32m✓^[[39m tests/tracking-timer.test.js ^[[2m(^[[22m^[[2m58 tests^[[22m^[[2m)^[[22m^[[32m 231^[[2mms^[[22m^[[39m
gates	Run npm run gates	2026-09-23T11:07:53.1360422Z ^[[90mstdout^[[2m | tests/queue-wiring.test.js^[[2m > ^[[22m^[[2mprodukční zapojení automatických aktualizací^[[2m > ^[[22m^[[2mběžící LuTrack odloží restart a po zastavení jej uplatní
gates	Run npm run gates	2026-09-23T11:07:53.1374275Z ^[[22m^[[39m[tracking] Uloženo: /tmp/ludone-main-queue-test-bZK53c/cas/casovac.json
gates	Run npm run gates	2026-09-23T11:07:53.1413841Z 
gates	Run npm run gates	2026-09-23T11:07:53.1461522Z ^[[90mstdout^[[2m | tests/queue-wiring.test.js^[[2m > ^[[22m^[[2mprodukční zapojení automatických aktualizací^[[2m > ^[[22m^[[2mběžící LuTrack odloží restart a po zastavení jej uplatní
gates	Run npm run gates	2026-09-23T11:07:53.1466229Z ^[[22m^[[39m[tracking] Uloženo: /tmp/ludone-main-queue-test-bZK53c/cas/casovac.json
gates	Run npm run gates	2026-09-23T11:07:53.1467436Z 
gates	Run npm run gates	2026-09-23T11:07:53.3468744Z  ^[[32m✓^[[39m tests/recording-export.test.js ^[[2m(^[[22m^[[2m75 tests^[[22m^[[2m)^[[22m^[[32m 175^[[2mms^[[22m^[[39m
gates	Run npm run gates	2026-09-23T11:07:53.9663980Z ^[[90mstderr^[[2m | tests/queue-wiring.test.js^[[2m > ^[[22m^[[2mviditelnost automatických aktualizací v panelu^[[2m > ^[[22m^[[2mstažení doručí verzi do živého panelu a recording dál blokuje instalaci
gates	Run npm run gates	2026-09-23T11:07:53.9674009Z ^[[22m^[[39mAn update to App inside a test was not wrapped in act(...).
gates	Run npm run gates	2026-09-23T11:07:53.9674794Z 
gates	Run npm run gates	2026-09-23T11:07:53.9675746Z When testing, code that causes React state updates should be wrapped into act(...):
gates	Run npm run gates	2026-09-23T11:07:53.9676503Z 
gates	Run npm run gates	2026-09-23T11:07:53.9676760Z act(() => {
gates	Run npm run gates	2026-09-23T11:07:53.9677393Z   /* fire events that update state */
gates	Run npm run gates	2026-09-23T11:07:53.9677983Z });
gates	Run npm run gates	2026-09-23T11:07:53.9683252Z /* assert on the output */
gates	Run npm run gates	2026-09-23T11:07:53.9683681Z 
gates	Run npm run gates	2026-09-23T11:07:53.9686954Z This ensures that you're testing the behavior the user would see in the browser. Learn more at https://react.dev/link/wrap-tests-with-act
gates	Run npm run gates	2026-09-23T11:07:53.9688128Z An update to App inside a test was not wrapped in act(...).
gates	Run npm run gates	2026-09-23T11:07:53.9688556Z 
gates	Run npm run gates	2026-09-23T11:07:53.9689059Z When testing, code that causes React state updates should be wrapped into act(...):
gates	Run npm run gates	2026-09-23T11:07:53.9689605Z 
gates	Run npm run gates	2026-09-23T11:07:53.9689765Z act(() => {
gates	Run npm run gates	2026-09-23T11:07:53.9690156Z   /* fire events that update state */
gates	Run npm run gates	2026-09-23T11:07:53.9690569Z });
gates	Run npm run gates	2026-09-23T11:07:53.9690952Z /* assert on the output */
gates	Run npm run gates	2026-09-23T11:07:53.9691187Z 
gates	Run npm run gates	2026-09-23T11:07:53.9692020Z This ensures that you're testing the behavior the user would see in the browser. Learn more at https://react.dev/link/wrap-tests-with-act
gates	Run npm run gates	2026-09-23T11:07:53.9693974Z 
gates	Run npm run gates	2026-09-23T11:07:54.0695306Z ^[[90mstdout^[[2m | tests/queue-wiring.test.js^[[2m > ^[[22m^[[2mviditelnost automatických aktualizací v panelu^[[2m > ^[[22m^[[2mstažení doručí verzi do živého panelu a tracking dál blokuje instalaci
gates	Run npm run gates	2026-09-23T11:07:54.0697264Z ^[[22m^[[39m[tracking] Uloženo: /tmp/ludone-main-queue-test-GfnHvz/cas/casovac.json
gates	Run npm run gates	2026-09-23T11:07:54.0697862Z 
gates	Run npm run gates	2026-09-23T11:07:54.3938537Z  ^[[32m✓^[[39m tests/queue-wiring.test.js ^[[2m(^[[22m^[[2m276 tests^[[22m^[[2m)^[[22m^[[33m 8799^[[2mms^[[22m^[[39m
gates	Run npm run gates	2026-09-23T11:07:54.3965043Z    ^[[33m^[[2m✓^[[22m^[[39m uložený vypínač odesílání v hlavním procesu^[[2m > ^[[22mgetter zachová uloženou volbu true i při transportním prostředí "" ^[[33m 368^[[2mms^[[22m^[[39m
gates	Run npm run gates	2026-09-23T11:07:54.3994729Z    ^[[33m^[[2m✓^[[22m^[[39m zjištění uložené OAuth session^[[2m > ^[[22mvypršelá relace přes skutečné IPC ukáže vypršení v obou oknech a zůstane na disku ^[[33m 320^[[2mms^[[22m^[[39m
gates	Run npm run gates	2026-09-23T11:07:54.4654566Z  ^[[32m✓^[[39m tests/settings.test.js ^[[2m(^[[22m^[[2m46 tests^[[22m^[[2m)^[[22m^[[33m 4456^[[2mms^[[22m^[[39m
gates	Run npm run gates	2026-09-23T11:07:54.4674371Z    ^[[33m^[[2m✓^[[22m^[[39m poctivý výsledek odhlášení v Nastavení^[[2m > ^[[22mpotvrzené odhlášení na Macu i serveru zachová dosavadní úspěch ^[[33m 414^[[2mms^[[22m^[[39m
gates	Run npm run gates	2026-09-23T11:07:54.9608986Z  ^[[32m✓^[[39m tests/logout.test.js ^[[2m(^[[22m^[[2m23 tests^[[22m^[[2m | ^[[22m^[[33m1 skipped^[[39m^[[2m)^[[22m^[[32m 208^[[2mms^[[22m^[[39m
gates	Run npm run gates	2026-09-23T11:07:55.6485853Z  ^[[32m✓^[[39m tests/logout-safety.test.js ^[[2m(^[[22m^[[2m13 tests^[[22m^[[2m)^[[22m^[[32m 292^[[2mms^[[22m^[[39m
gates	Run npm run gates	2026-09-23T11:07:56.1778745Z ^[[90mstdout^[[2m | tests/tray-authority.test.js^[[2m > ^[[22m^[[2mstav vlastní hlavní proces, ne renderer^[[2m > ^[[22m^[[2modvodí stav {"signedIn":false} jako signed-out
gates	Run npm run gates	2026-09-23T11:07:56.1781851Z ^[[22m^[[39m[tray] 2026-09-23T11:07:56.176Z stav=signed-out nahrávání=false výpadekZvuku=false jenMikrofon=false lutrack=false fronta=0 přihlášen=false
gates	Run npm run gates	2026-09-23T11:07:56.1783938Z 
gates	Run npm run gates	2026-09-23T11:07:56.1786974Z ^[[90mstdout^[[2m | tests/tray-authority.test.js^[[2m > ^[[22m^[[2mstav vlastní hlavní proces, ne renderer^[[2m > ^[[22m^[[2modvodí stav {"signedIn":true} jako idle
gates	Run npm run gates	2026-09-23T11:07:56.1789165Z ^[[22m^[[39m[tray] 2026-09-23T11:07:56.177Z stav=idle nahrávání=false výpadekZvuku=false jenMikrofon=false lutrack=false fronta=0 přihlášen=true
gates	Run npm run gates	2026-09-23T11:07:56.1790287Z 
gates	Run npm run gates	2026-09-23T11:07:56.1791790Z ^[[90mstdout^[[2m | tests/tray-authority.test.js^[[2m > ^[[22m^[[2mstav vlastní hlavní proces, ne renderer^[[2m > ^[[22m^[[2modvodí stav {"signedIn":true,"trackingOwners":[1]} jako tracking
gates	Run npm run gates	2026-09-23T11:07:56.1794926Z ^[[22m^[[39m[tray] 2026-09-23T11:07:56.178Z stav=tracking nahrávání=false výpadekZvuku=false jenMikrofon=false lutrack=true fronta=0 přihlášen=true
gates	Run npm run gates	2026-09-23T11:07:56.1796088Z 
gates	Run npm run gates	2026-09-23T11:07:56.1797779Z ^[[90mstdout^[[2m | tests/tray-authority.test.js^[[2m > ^[[22m^[[2mstav vlastní hlavní proces, ne renderer^[[2m > ^[[22m^[[2modvodí stav {"signedIn":true,"preparing":[[1,{"cancelled":false}]]} jako recording
gates	Run npm run gates	2026-09-23T11:07:56.1800365Z ^[[22m^[[39m[tray] 2026-09-23T11:07:56.179Z stav=recording nahrávání=true výpadekZvuku=false jenMikrofon=false lutrack=false fronta=0 přihlášen=true
gates	Run npm run gates	2026-09-23T11:07:56.1801415Z 
gates	Run npm run gates	2026-09-23T11:07:56.1803217Z ^[[90mstdout^[[2m | tests/tray-authority.test.js^[[2m > ^[[22m^[[2mstav vlastní hlavní proces, ne renderer^[[2m > ^[[22m^[[2modvodí stav {"signedIn":true,"sessions":[["s",{"ownerId":1}]]} jako recording
gates	Run npm run gates	2026-09-23T11:07:56.1805814Z ^[[22m^[[39m[tray] 2026-09-23T11:07:56.179Z stav=recording nahrávání=true výpadekZvuku=false jenMikrofon=false lutrack=false fronta=0 přihlášen=true
gates	Run npm run gates	2026-09-23T11:07:56.1806897Z 
gates	Run npm run gates	2026-09-23T11:07:56.1808641Z ^[[90mstdout^[[2m | tests/tray-authority.test.js^[[2m > ^[[22m^[[2mstav vlastní hlavní proces, ne renderer^[[2m > ^[[22m^[[2modvodí stav {"signedIn":true,"queueWaitingCount":1} jako queue-waiting
gates	Run npm run gates	2026-09-23T11:07:56.1811085Z ^[[22m^[[39m[tray] 2026-09-23T11:07:56.180Z stav=queue-waiting nahrávání=false výpadekZvuku=false jenMikrofon=false lutrack=false fronta=1 přihlášen=true
gates	Run npm run gates	2026-09-23T11:07:56.1812203Z 
gates	Run npm run gates	2026-09-23T11:07:56.1814015Z ^[[90mstdout^[[2m | tests/tray-authority.test.js^[[2m > ^[[22m^[[2mstav vlastní hlavní proces, ne renderer^[[2m > ^[[22m^[[2modvodí stav {"signedIn":true,"systemAudioLostOwners":[1]} jako idle
gates	Run npm run gates	2026-09-23T11:07:56.1816395Z ^[[22m^[[39m[tray] 2026-09-23T11:07:56.180Z stav=idle nahrávání=false výpadekZvuku=false jenMikrofon=false lutrack=false fronta=0 přihlášen=true
gates	Run npm run gates	2026-09-23T11:07:56.1817463Z 
gates	Run npm run gates	2026-09-23T11:07:56.1819673Z ^[[90mstdout^[[2m | tests/tray-authority.test.js^[[2m > ^[[22m^[[2mstav vlastní hlavní proces, ne renderer^[[2m > ^[[22m^[[2modvodí stav {"signedIn":true,"preparing":[[1,{"cancelled":false,"sources":["microphone","system"]}]],"systemAudioLostOwners":[1]} jako recording-audio-lost
gates	Run npm run gates	2026-09-23T11:07:56.1822993Z ^[[22m^[[39m[tray] 2026-09-23T11:07:56.180Z stav=recording-audio-lost nahrávání=true výpadekZvuku=true jenMikrofon=false lutrack=false fronta=0 přihlášen=true
gates	Run npm run gates	2026-09-23T11:07:56.1824158Z 
gates	Run npm run gates	2026-09-23T11:07:56.1874422Z ^[[90mstdout^[[2m | tests/tray-authority.test.js^[[2m > ^[[22m^[[2mstav vlastní hlavní proces, ne renderer^[[2m > ^[[22m^[[2modvodí stav {"signedIn":true,"trackingOwners":[1],"preparing":[[1,{"cancelled":false}]]} jako recording-tracking
gates	Run npm run gates	2026-09-23T11:07:56.1884317Z ^[[22m^[[39m[tray] 2026-09-23T11:07:56.181Z stav=recording-tracking nahrávání=true výpadekZvuku=false jenMikrofon=false lutrack=true fronta=0 přihlášen=true
gates	Run npm run gates	2026-09-23T11:07:56.1906965Z 
gates	Run npm run gates	2026-09-23T11:07:56.1915570Z ^[[90mstdout^[[2m | tests/tray-authority.test.js^[[2m > ^[[22m^[[2mstav vlastní hlavní proces, ne renderer^[[2m > ^[[22m^[[2modvodí stav {"signedIn":true,"trackingOwners":[1],"preparing":[[1,{"cancelled":false,"sources":["microphone","system"]}]],"queueWaitingCount":2,"systemAudioLostOwners":[1]} jako recording-audio-lost
gates	Run npm run gates	2026-09-23T11:07:56.1919417Z ^[[90mstderr^[[2m | tests/tray-authority.test.js^[[2m > ^[[22m^[[2mpád rendereru^[[2m > ^[[22m^[[2mpo pádu odstraní i rendererový fakt výpadku, ne výpadek cizí živé session
gates	Run npm run gates	2026-09-23T11:07:56.1939617Z ^[[22m^[[39m[tray] 2026-09-23T11:07:56.182Z stav=recording-audio-lost nahrávání=true výpadekZvuku=true jenMikrofon=false lutrack=true fronta=2 přihlášen=true
gates	Run npm run gates	2026-09-23T11:07:56.1953656Z ^[[22m^[[39m[recording] Session uzavřena po události „pád rendereru“: mikrofon 0 B, systém 0 B.
gates	Run npm run gates	2026-09-23T11:07:56.1954364Z 
gates	Run npm run gates	2026-09-23T11:07:56.1960797Z ^[[90mstdout^[[2m | tests/tray-authority.test.js^[[2m > ^[[22m^[[2mstav vlastní hlavní proces, ne renderer^[[2m > ^[[22m^[[2modvodí stav {"signedIn":true,"trackingOwners":[1],"queueWaitingCount":2} jako tracking
gates	Run npm run gates	2026-09-23T11:07:56.1964111Z ^[[22m^[[39m[tray] 2026-09-23T11:07:56.182Z stav=tracking nahrávání=false výpadekZvuku=false jenMikrofon=false lutrack=true fronta=2 přihlášen=true
gates	Run npm run gates	2026-09-23T11:07:56.1965047Z 
gates	Run npm run gates	2026-09-23T11:07:56.1967421Z ^[[90mstdout^[[2m | tests/tray-authority.test.js^[[2m > ^[[22m^[[2mstav vlastní hlavní proces, ne renderer^[[2m > ^[[22m^[[2modvodí stav {"signedIn":false,"trackingOwners":[1],"preparing":[[1,{"cancelled":false}]],"queueWaitingCount":2,"systemAudioLostOwners":[1]} jako signed-out
gates	Run npm run gates	2026-09-23T11:07:56.1970872Z ^[[22m^[[39m[tray] 2026-09-23T11:07:56.183Z stav=signed-out nahrávání=true výpadekZvuku=false jenMikrofon=false lutrack=true fronta=2 přihlášen=false
gates	Run npm run gates	2026-09-23T11:07:56.1972052Z 
gates	Run npm run gates	2026-09-23T11:07:56.1974154Z ^[[90mstdout^[[2m | tests/tray-authority.test.js^[[2m > ^[[22m^[[2mstav vlastní hlavní proces, ne renderer^[[2m > ^[[22m^[[2modvodí stav {"signedIn":true,"preparing":[[1,{"cancelled":true}]]} jako idle
gates	Run npm run gates	2026-09-23T11:07:56.1975578Z 
gates	Run npm run gates	2026-09-23T11:07:56.1977138Z ^[[22m^[[39m[tray] 2026-09-23T11:07:56.183Z stav=idle nahrávání=false výpadekZvuku=false jenMikrofon=false lutrack=false fronta=0 přihlášen=true
gates	Run npm run gates	2026-09-23T11:07:56.1978193Z 
gates	Run npm run gates	2026-09-23T11:07:56.1980292Z ^[[90mstdout^[[2m | tests/tray-authority.test.js^[[2m > ^[[22m^[[2mstav vlastní hlavní proces, ne renderer^[[2m > ^[[22m^[[2modvodí stav {"signedIn":true,"sessions":[["s",{"ownerId":1,"finalizePromise":{}}]]} jako idle
gates	Run npm run gates	2026-09-23T11:07:56.1983195Z ^[[22m^[[39m[tray] 2026-09-23T11:07:56.183Z stav=idle nahrávání=false výpadekZvuku=false jenMikrofon=false lutrack=false fronta=0 přihlášen=true
gates	Run npm run gates	2026-09-23T11:07:56.1984265Z 
gates	Run npm run gates	2026-09-23T11:07:56.1985937Z ^[[90mstdout^[[2m | tests/tray-authority.test.js^[[2m > ^[[22m^[[2mstav vlastní hlavní proces, ne renderer^[[2m > ^[[22m^[[2mjednostopé nahrávání odliší od plného nahrávání i výpadku: příprava
gates	Run npm run gates	2026-09-23T11:07:56.1988855Z ^[[22m^[[39m[tray] 2026-09-23T11:07:56.184Z stav=recording-microphone-only nahrávání=true výpadekZvuku=false jenMikrofon=true lutrack=false fronta=0 přihlášen=true
gates	Run npm run gates	2026-09-23T11:07:56.1990080Z 
gates	Run npm run gates	2026-09-23T11:07:56.1991967Z ^[[90mstdout^[[2m | tests/tray-authority.test.js^[[2m > ^[[22m^[[2mstav vlastní hlavní proces, ne renderer^[[2m > ^[[22m^[[2mjednostopé nahrávání odliší od plného nahrávání i výpadku: živá session
gates	Run npm run gates	2026-09-23T11:07:56.1995273Z ^[[22m^[[39m[tray] 2026-09-23T11:07:56.185Z stav=recording-microphone-only nahrávání=true výpadekZvuku=false jenMikrofon=true lutrack=false fronta=0 přihlášen=true
gates	Run npm run gates	2026-09-23T11:07:56.1996527Z 
gates	Run npm run gates	2026-09-23T11:07:56.1998591Z ^[[90mstdout^[[2m | tests/tray-authority.test.js^[[2m > ^[[22m^[[2mstav vlastní hlavní proces, ne renderer^[[2m > ^[[22m^[[2mjednostopé nahrávání odliší od plného nahrávání i výpadku: souběh s LuTrackem
gates	Run npm run gates	2026-09-23T11:07:56.2001645Z ^[[22m^[[39m[tray] 2026-09-23T11:07:56.185Z stav=recording-microphone-only nahrávání=true výpadekZvuku=false jenMikrofon=true lutrack=true fronta=2 přihlášen=true
gates	Run npm run gates	2026-09-23T11:07:56.2002961Z 
gates	Run npm run gates	2026-09-23T11:07:56.2005598Z ^[[90mstdout^[[2m | tests/tray-authority.test.js^[[2m > ^[[22m^[[2mstav vlastní hlavní proces, ne renderer^[[2m > ^[[22m^[[2mukončená jednostopá session nepřidá odznak jinému plnému nahrávání: {"preparing":[[1,{"cancelled":true,"sources":["microphone"]}]]}
gates	Run npm run gates	2026-09-23T11:07:56.2009262Z ^[[22m^[[39m[tray] 2026-09-23T11:07:56.186Z stav=recording nahrávání=true výpadekZvuku=false jenMikrofon=false lutrack=false fronta=0 přihlášen=true
gates	Run npm run gates	2026-09-23T11:07:56.2010385Z 
gates	Run npm run gates	2026-09-23T11:07:56.2013096Z ^[[90mstdout^[[2m | tests/tray-authority.test.js^[[2m > ^[[22m^[[2mstav vlastní hlavní proces, ne renderer^[[2m > ^[[22m^[[2mukončená jednostopá session nepřidá odznak jinému plnému nahrávání: {"sessions":[["s",{"ownerId":1,"tracks":{},"finalizePromise":{}}]]}
gates	Run npm run gates	2026-09-23T11:07:56.2016244Z ^[[22m^[[39m[tray] 2026-09-23T11:07:56.186Z stav=recording nahrávání=true výpadekZvuku=false jenMikrofon=false lutrack=false fronta=0 přihlášen=true
gates	Run npm run gates	2026-09-23T11:07:56.2017394Z 
gates	Run npm run gates	2026-09-23T11:07:56.2019349Z ^[[90mstdout^[[2m | tests/tray-authority.test.js^[[2m > ^[[22m^[[2mstav vlastní hlavní proces, ne renderer^[[2m > ^[[22m^[[2mskutečný výpadek má přednost před přijatým jednostopým nahráváním
gates	Run npm run gates	2026-09-23T11:07:56.2022477Z ^[[22m^[[39m[tray] 2026-09-23T11:07:56.187Z stav=recording-audio-lost nahrávání=true výpadekZvuku=true jenMikrofon=true lutrack=false fronta=0 přihlášen=true
gates	Run npm run gates	2026-09-23T11:07:56.2023376Z 
gates	Run npm run gates	2026-09-23T11:07:56.2024890Z ^[[90mstdout^[[2m | tests/tray-authority.test.js^[[2m > ^[[22m^[[2mstav vlastní hlavní proces, ne renderer^[[2m > ^[[22m^[[2mpři souběhu spojí fakt LuTracku se skutečným nahráváním z hlavního procesu
gates	Run npm run gates	2026-09-23T11:07:56.2027210Z ^[[22m^[[39m[tray] 2026-09-23T11:07:56.187Z stav=recording nahrávání=true výpadekZvuku=false jenMikrofon=false lutrack=false fronta=0 přihlášen=true
gates	Run npm run gates	2026-09-23T11:07:56.2029243Z [tray] 2026-09-23T11:07:56.187Z stav=recording-tracking nahrávání=true výpadekZvuku=false jenMikrofon=false lutrack=true fronta=0 přihlášen=true
gates	Run npm run gates	2026-09-23T11:07:56.2030095Z 
gates	Run npm run gates	2026-09-23T11:07:56.2031249Z ^[[90mstdout^[[2m | tests/tray-authority.test.js^[[2m > ^[[22m^[[2mpád rendereru^[[2m > ^[[22m^[[2mnechá lištu hlásit správný stav, ne ten poslední odeslaný
gates	Run npm run gates	2026-09-23T11:07:56.2033626Z ^[[22m^[[39m[tray] 2026-09-23T11:07:56.188Z stav=recording-tracking nahrávání=true výpadekZvuku=false jenMikrofon=false lutrack=true fronta=0 přihlášen=true
gates	Run npm run gates	2026-09-23T11:07:56.2035735Z [tray] 2026-09-23T11:07:56.188Z stav=tracking nahrávání=false výpadekZvuku=false jenMikrofon=false lutrack=true fronta=0 přihlášen=true
gates	Run npm run gates	2026-09-23T11:07:56.2037785Z [tray] 2026-09-23T11:07:56.188Z stav=idle nahrávání=false výpadekZvuku=false jenMikrofon=false lutrack=false fronta=0 přihlášen=true
gates	Run npm run gates	2026-09-23T11:07:56.2039157Z 
gates	Run npm run gates	2026-09-23T11:07:56.2040541Z ^[[90mstdout^[[2m | tests/tray-authority.test.js^[[2m > ^[[22m^[[2mpád rendereru^[[2m > ^[[22m^[[2mNEODHLÁSÍ uživatele — session drží hlavní proces
gates	Run npm run gates	2026-09-23T11:07:56.2043838Z ^[[22m^[[39m[tray] 2026-09-23T11:07:56.189Z stav=tracking nahrávání=false výpadekZvuku=false jenMikrofon=false lutrack=true fronta=0 přihlášen=true
gates	Run npm run gates	2026-09-23T11:07:56.2046711Z [tray] 2026-09-23T11:07:56.189Z stav=idle nahrávání=false výpadekZvuku=false jenMikrofon=false lutrack=false fronta=0 přihlášen=true
gates	Run npm run gates	2026-09-23T11:07:56.2047785Z 
gates	Run npm run gates	2026-09-23T11:07:56.2049528Z ^[[90mstdout^[[2m | tests/tray-authority.test.js^[[2m > ^[[22m^[[2mpád rendereru^[[2m > ^[[22m^[[2mzapomene jen padlé okno, ostatní nechá běžet
gates	Run npm run gates	2026-09-23T11:07:56.2061208Z ^[[22m^[[39m[tray] 2026-09-23T11:07:56.190Z stav=tracking nahrávání=false výpadekZvuku=false jenMikrofon=false lutrack=true fronta=0 přihlášen=true
gates	Run npm run gates	2026-09-23T11:07:56.2062473Z 
gates	Run npm run gates	2026-09-23T11:07:56.2063772Z ^[[90mstdout^[[2m | tests/tray-authority.test.js^[[2m > ^[[22m^[[2mpád rendereru^[[2m > ^[[22m^[[2mpo pádu odstraní i rendererový fakt výpadku, ne výpadek cizí živé session
gates	Run npm run gates	2026-09-23T11:07:56.2066262Z ^[[22m^[[39m[tray] 2026-09-23T11:07:56.190Z stav=recording-audio-lost nahrávání=true výpadekZvuku=true jenMikrofon=false lutrack=false fronta=0 přihlášen=true
gates	Run npm run gates	2026-09-23T11:07:56.2068712Z [tray] 2026-09-23T11:07:56.190Z stav=recording nahrávání=true výpadekZvuku=false jenMikrofon=false lutrack=false fronta=0 přihlášen=true
gates	Run npm run gates	2026-09-23T11:07:56.2069831Z 
gates	Run npm run gates	2026-09-23T11:07:56.2071394Z ^[[90mstdout^[[2m | tests/tray-authority.test.js^[[2m > ^[[22m^[[2mlišta se překresluje jen při skutečné změně^[[2m > ^[[22m^[[2mstejný stav podruhé už obrázek nesahá
gates	Run npm run gates	2026-09-23T11:07:56.2073831Z ^[[22m^[[39m[tray] 2026-09-23T11:07:56.191Z stav=idle nahrávání=false výpadekZvuku=false jenMikrofon=false lutrack=false fronta=0 přihlášen=true
gates	Run npm run gates	2026-09-23T11:07:56.2074692Z 
gates	Run npm run gates	2026-09-23T11:07:56.2076064Z ^[[90mstdout^[[2m | tests/tray-authority.test.js^[[2m > ^[[22m^[[2mlišta se překresluje jen při skutečné změně^[[2m > ^[[22m^[[2mzměna stavu obrázek i popisek přepíše
gates	Run npm run gates	2026-09-23T11:07:56.2078800Z ^[[22m^[[39m[tray] 2026-09-23T11:07:56.192Z stav=idle nahrávání=false výpadekZvuku=false jenMikrofon=false lutrack=false fronta=0 přihlášen=true
gates	Run npm run gates	2026-09-23T11:07:56.2081291Z [tray] 2026-09-23T11:07:56.192Z stav=tracking nahrávání=false výpadekZvuku=false jenMikrofon=false lutrack=true fronta=0 přihlášen=true
gates	Run npm run gates	2026-09-23T11:07:56.2082146Z 
gates	Run npm run gates	2026-09-23T11:07:56.2083755Z ^[[90mstdout^[[2m | tests/tray-authority.test.js^[[2m > ^[[22m^[[2mkanál faktů nesmí být tray:set-state pod jiným jménem^[[2m > ^[[22m^[[2modmítne hodnotu, která není boolean, a fakta NECHÁ být
gates	Run npm run gates	2026-09-23T11:07:56.2088063Z ^[[22m^[[39m[tray] 2026-09-23T11:07:56.195Z stav=idle nahrávání=false výpadekZvuku=false jenMikrofon=false lutrack=false fronta=0 přihlášen=true
gates	Run npm run gates	2026-09-23T11:07:56.2096486Z 
gates	Run npm run gates	2026-09-23T11:07:56.2098285Z ^[[90mstdout^[[2m | tests/tray-authority.test.js^[[2m > ^[[22m^[[2mkanál faktů nesmí být tray:set-state pod jiným jménem^[[2m > ^[[22m^[[2mprázdný objekt uživatele NEODHLÁSÍ
gates	Run npm run gates	2026-09-23T11:07:56.2100771Z ^[[22m^[[39m[tray] 2026-09-23T11:07:56.196Z stav=idle nahrávání=false výpadekZvuku=false jenMikrofon=false lutrack=false fronta=0 přihlášen=true
gates	Run npm run gates	2026-09-23T11:07:56.2101996Z 
gates	Run npm run gates	2026-09-23T11:07:56.2103864Z ^[[90mstdout^[[2m | tests/tray-authority.test.js^[[2m > ^[[22m^[[2mkanál faktů nesmí být tray:set-state pod jiným jménem^[[2m > ^[[22m^[[2modmítne undefined a nechá fakta být
gates	Run npm run gates	2026-09-23T11:07:56.2106059Z ^[[22m^[[39m[tray] 2026-09-23T11:07:56.196Z stav=idle nahrávání=false výpadekZvuku=false jenMikrofon=false lutrack=false fronta=0 přihlášen=true
gates	Run npm run gates	2026-09-23T11:07:56.2107174Z 
gates	Run npm run gates	2026-09-23T11:07:56.2108673Z ^[[90mstdout^[[2m | tests/tray-authority.test.js^[[2m > ^[[22m^[[2mkanál faktů nesmí být tray:set-state pod jiným jménem^[[2m > ^[[22m^[[2modmítne null a nechá fakta být
gates	Run npm run gates	2026-09-23T11:07:56.2111032Z ^[[22m^[[39m[tray] 2026-09-23T11:07:56.197Z stav=idle nahrávání=false výpadekZvuku=false jenMikrofon=false lutrack=false fronta=0 přihlášen=true
gates	Run npm run gates	2026-09-23T11:07:56.2112126Z 
gates	Run npm run gates	2026-09-23T11:07:56.2113796Z ^[[90mstdout^[[2m | tests/tray-authority.test.js^[[2m > ^[[22m^[[2mkanál faktů nesmí být tray:set-state pod jiným jménem^[[2m > ^[[22m^[[2modmítne "idle" a nechá fakta být
gates	Run npm run gates	2026-09-23T11:07:56.2116110Z ^[[22m^[[39m[tray] 2026-09-23T11:07:56.197Z stav=idle nahrávání=false výpadekZvuku=false jenMikrofon=false lutrack=false fronta=0 přihlášen=true
gates	Run npm run gates	2026-09-23T11:07:56.2117103Z 
gates	Run npm run gates	2026-09-23T11:07:56.2118323Z ^[[90mstdout^[[2m | tests/tray-authority.test.js^[[2m > ^[[22m^[[2mkanál faktů nesmí být tray:set-state pod jiným jménem^[[2m > ^[[22m^[[2modmítne 42 a nechá fakta být
gates	Run npm run gates	2026-09-23T11:07:56.2120464Z ^[[22m^[[39m[tray] 2026-09-23T11:07:56.197Z stav=idle nahrávání=false výpadekZvuku=false jenMikrofon=false lutrack=false fronta=0 přihlášen=true
gates	Run npm run gates	2026-09-23T11:07:56.2121553Z 
gates	Run npm run gates	2026-09-23T11:07:56.2123768Z ^[[90mstdout^[[2m | tests/tray-authority.test.js^[[2m > ^[[22m^[[2mkanál faktů nesmí být tray:set-state pod jiným jménem^[[2m > ^[[22m^[[2modmítne {"panelActionsAvailable":true,"signedIn":1,"systemAudioLost":false,"tracking":false} a nechá fakta být
gates	Run npm run gates	2026-09-23T11:07:56.2126474Z ^[[22m^[[39m[tray] 2026-09-23T11:07:56.198Z stav=idle nahrávání=false výpadekZvuku=false jenMikrofon=false lutrack=false fronta=0 přihlášen=true
gates	Run npm run gates	2026-09-23T11:07:56.2127466Z 
gates	Run npm run gates	2026-09-23T11:07:56.2128922Z ^[[90mstdout^[[2m | tests/tray-authority.test.js^[[2m > ^[[22m^[[2mkanál faktů nesmí být tray:set-state pod jiným jménem^[[2m > ^[[22m^[[2modmítne {"signedIn":true} a nechá fakta být
gates	Run npm run gates	2026-09-23T11:07:56.2131069Z ^[[22m^[[39m[tray] 2026-09-23T11:07:56.198Z stav=idle nahrávání=false výpadekZvuku=false jenMikrofon=false lutrack=false fronta=0 přihlášen=true
gates	Run npm run gates	2026-09-23T11:07:56.2132499Z 
gates	Run npm run gates	2026-09-23T11:07:56.2134040Z ^[[90mstdout^[[2m | tests/tray-authority.test.js^[[2m > ^[[22m^[[2mkanál faktů nesmí být tray:set-state pod jiným jménem^[[2m > ^[[22m^[[2modmítne {"signedIn":true,"tracking":false} a nechá fakta být
gates	Run npm run gates	2026-09-23T11:07:56.2136278Z ^[[22m^[[39m[tray] 2026-09-23T11:07:56.199Z stav=idle nahrávání=false výpadekZvuku=false jenMikrofon=false lutrack=false fronta=0 přihlášen=true
gates	Run npm run gates	2026-09-23T11:07:56.2137320Z 
gates	Run npm run gates	2026-09-23T11:07:56.2139446Z ^[[90mstdout^[[2m | tests/tray-authority.test.js^[[2m > ^[[22m^[[2mkanál faktů nesmí být tray:set-state pod jiným jménem^[[2m > ^[[22m^[[2modmítne {"panelActionsAvailable":true,"signedIn":true,"systemAudioLost":false,"tracking":false,"state":"recording"} a nechá fakta být
gates	Run npm run gates	2026-09-23T11:07:56.2142211Z ^[[22m^[[39m[tray] 2026-09-23T11:07:56.199Z stav=idle nahrávání=false výpadekZvuku=false jenMikrofon=false lutrack=false fronta=0 přihlášen=true
gates	Run npm run gates	2026-09-23T11:07:56.2143823Z 
gates	Run npm run gates	2026-09-23T11:07:56.2145977Z ^[[90mstdout^[[2m | tests/tray-authority.test.js^[[2m > ^[[22m^[[2mkanál faktů nesmí být tray:set-state pod jiným jménem^[[2m > ^[[22m^[[2modmítne {"panelActionsAvailable":true,"signedIn":true,"systemAudioLost":false,"tracking":false,"icon":"recording"} a nechá fakta být
gates	Run npm run gates	2026-09-23T11:07:56.2149038Z ^[[22m^[[39m[tray] 2026-09-23T11:07:56.200Z stav=idle nahrávání=false výpadekZvuku=false jenMikrofon=false lutrack=false fronta=0 přihlášen=true
gates	Run npm run gates	2026-09-23T11:07:56.2150033Z 
gates	Run npm run gates	2026-09-23T11:07:56.2151325Z ^[[90mstdout^[[2m | tests/tray-authority.test.js^[[2m > ^[[22m^[[2mkanál faktů nesmí být tray:set-state pod jiným jménem^[[2m > ^[[22m^[[2mplatnou čtveřici boolean přijme
gates	Run npm run gates	2026-09-23T11:07:56.2153535Z ^[[22m^[[39m[tray] 2026-09-23T11:07:56.201Z stav=signed-out nahrávání=false výpadekZvuku=false jenMikrofon=false lutrack=false fronta=0 přihlášen=false
gates	Run npm run gates	2026-09-23T11:07:56.2155652Z [tray] 2026-09-23T11:07:56.201Z stav=tracking nahrávání=false výpadekZvuku=false jenMikrofon=false lutrack=true fronta=0 přihlášen=true
gates	Run npm run gates	2026-09-23T11:07:56.2156608Z 
gates	Run npm run gates	2026-09-23T11:07:56.2158425Z ^[[90mstdout^[[2m | tests/tray-authority.test.js^[[2m > ^[[22m^[[2mkanál faktů nesmí být tray:set-state pod jiným jménem^[[2m > ^[[22m^[[2mvýpadek přijme jen jako boolean, neplatný report stav nezmění a obnova vrátí nahrávání
gates	Run npm run gates	2026-09-23T11:07:56.2160913Z ^[[22m^[[39m[tray] 2026-09-23T11:07:56.201Z stav=recording nahrávání=true výpadekZvuku=false jenMikrofon=false lutrack=false fronta=0 přihlášen=true
gates	Run npm run gates	2026-09-23T11:07:56.2163168Z [tray] 2026-09-23T11:07:56.201Z stav=recording-audio-lost nahrávání=true výpadekZvuku=true jenMikrofon=false lutrack=false fronta=0 přihlášen=true
gates	Run npm run gates	2026-09-23T11:07:56.2165119Z [tray] 2026-09-23T11:07:56.202Z stav=recording nahrávání=true výpadekZvuku=false jenMikrofon=false lutrack=false fronta=0 přihlášen=true
gates	Run npm run gates	2026-09-23T11:07:56.2165905Z 
gates	Run npm run gates	2026-09-23T11:07:56.2167005Z ^[[90mstdout^[[2m | tests/tray-authority.test.js^[[2m > ^[[22m^[[2mprvní vykreslení lišty^[[2m > ^[[22m^[[2mnastaví obrázek i popisek, i když se stav nezměnil
gates	Run npm run gates	2026-09-23T11:07:56.2170387Z ^[[22m^[[39m[tray] 2026-09-23T11:07:56.202Z stav=signed-out nahrávání=false výpadekZvuku=false jenMikrofon=false lutrack=false fronta=0 přihlášen=false
gates	Run npm run gates	2026-09-23T11:07:56.2175181Z 
gates	Run npm run gates	2026-09-23T11:07:56.2176207Z ^[[90mstdout^[[2m | tests/tray-authority.test.js^[[2m > ^[[22m^[[2mprvní vykreslení lišty^[[2m > ^[[22m^[[2mpodruhé už na lištu nesahá
gates	Run npm run gates	2026-09-23T11:07:56.2177688Z ^[[22m^[[39m[tray] 2026-09-23T11:07:56.202Z stav=signed-out nahrávání=false výpadekZvuku=false jenMikrofon=false lutrack=false fronta=0 přihlášen=false
gates	Run npm run gates	2026-09-23T11:07:56.2178453Z 
gates	Run npm run gates	2026-09-23T11:07:56.2179066Z  ^[[32m✓^[[39m tests/tray-authority.test.js ^[[2m(^[[22m^[[2m81 tests^[[22m^[[2m)^[[22m^[[32m 42^[[2mms^[[22m^[[39m
gates	Run npm run gates	2026-09-23T11:07:56.5214470Z  ^[[32m✓^[[39m tests/auth-identity-fallback.test.js ^[[2m(^[[22m^[[2m29 tests^[[22m^[[2m)^[[22m^[[33m 386^[[2mms^[[22m^[[39m
gates	Run npm run gates	2026-09-23T11:07:56.7374093Z  ^[[32m✓^[[39m tests/auth-controller-wiring.test.js ^[[2m(^[[22m^[[2m48 tests^[[22m^[[2m)^[[22m^[[32m 201^[[2mms^[[22m^[[39m
gates	Run npm run gates	2026-09-23T11:07:57.3008971Z  ^[[32m✓^[[39m tests/recording-actions.test.js ^[[2m(^[[22m^[[2m18 tests^[[22m^[[2m)^[[22m^[[32m 249^[[2mms^[[22m^[[39m
gates	Run npm run gates	2026-09-23T11:07:57.4484424Z  ^[[32m✓^[[39m tests/onboarding-missing-steps.test.js ^[[2m(^[[22m^[[2m23 tests^[[22m^[[2m)^[[22m^[[33m 2895^[[2mms^[[22m^[[39m
gates	Run npm run gates	2026-09-23T11:07:57.4494514Z    ^[[33m^[[2m✓^[[22m^[[39m dva chybějící kroky onboardingu^[[2m > ^[[22mpo skončení pokusu přestane neznámou adresu znovu zjišťovat ^[[33m 904^[[2mms^[[22m^[[39m
gates	Run npm run gates	2026-09-23T11:07:57.8566769Z  ^[[32m✓^[[39m tests/meeting-audio.test.js ^[[2m(^[[22m^[[2m14 tests^[[22m^[[2m)^[[22m^[[32m 265^[[2mms^[[22m^[[39m
gates	Run npm run gates	2026-09-23T11:07:58.2545209Z  ^[[32m✓^[[39m tests/recordings-dashboard.test.js ^[[2m(^[[22m^[[2m17 tests^[[22m^[[2m)^[[22m^[[33m 760^[[2mms^[[22m^[[39m
gates	Run npm run gates	2026-09-23T11:07:58.2572841Z    ^[[33m^[[2m✓^[[22m^[[39m dashboard fronty nahrávek^[[2m > ^[[22mčekající schválená nahrávka po volbě firmy nabídne skutečné Zkusit znovu ^[[33m 316^[[2mms^[[22m^[[39m
gates	Run npm run gates	2026-09-23T11:07:58.6704426Z  ^[[32m✓^[[39m tests/ipc-sender-guard.test.js ^[[2m(^[[22m^[[2m21 tests^[[22m^[[2m)^[[22m^[[32m 21^[[2mms^[[22m^[[39m
gates	Run npm run gates	2026-09-23T11:07:59.3884546Z  ^[[32m✓^[[39m tests/recording-verification.test.js ^[[2m(^[[22m^[[2m21 tests^[[22m^[[2m)^[[22m^[[33m 406^[[2mms^[[22m^[[39m
gates	Run npm run gates	2026-09-23T11:07:59.9347018Z  ^[[32m✓^[[39m tests/auth-cancellation-storage.test.js ^[[2m(^[[22m^[[2m11 tests^[[22m^[[2m)^[[22m^[[32m 257^[[2mms^[[22m^[[39m
gates	Run npm run gates	2026-09-23T11:08:00.3104129Z  ^[[32m✓^[[39m tests/ui-smoke.test.js ^[[2m(^[[22m^[[2m17 tests^[[22m^[[2m)^[[22m^[[32m 35^[[2mms^[[22m^[[39m
gates	Run npm run gates	2026-09-23T11:08:00.3513608Z  ^[[32m✓^[[39m tests/renderer-failure-feedback.test.js ^[[2m(^[[22m^[[2m29 tests^[[22m^[[2m)^[[22m^[[33m 1207^[[2mms^[[22m^[[39m
gates	Run npm run gates	2026-09-23T11:08:00.7761401Z  ^[[32m✓^[[39m tests/zapojeni-odhlaseni.test.js ^[[2m(^[[22m^[[2m12 tests^[[22m^[[2m | ^[[22m^[[33m1 skipped^[[39m^[[2m)^[[22m^[[32m 23^[[2mms^[[22m^[[39m
gates	Run npm run gates	2026-09-23T11:08:01.2068096Z  ^[[32m✓^[[39m tests/auth-refresh.test.js ^[[2m(^[[22m^[[2m10 tests^[[22m^[[2m)^[[22m^[[32m 65^[[2mms^[[22m^[[39m
gates	Run npm run gates	2026-09-23T11:08:01.3254352Z  ^[[32m✓^[[39m tests/tray-ikony.test.js ^[[2m(^[[22m^[[2m9 tests^[[22m^[[2m)^[[22m^[[33m 663^[[2mms^[[22m^[[39m
gates	Run npm run gates	2026-09-23T11:08:01.3256182Z    ^[[33m^[[2m✓^[[22m^[[39m ikony v liště^[[2m > ^[[22mgenerátor opakovaně vyrobí přesně bajty uložené v repozitáři ^[[33m 557^[[2mms^[[22m^[[39m
gates	Run npm run gates	2026-09-23T11:08:02.1643474Z  ^[[32m✓^[[39m tests/session-reentry.test.js ^[[2m(^[[22m^[[2m12 tests^[[22m^[[2m)^[[22m^[[33m 3422^[[2mms^[[22m^[[39m
gates	Run npm run gates	2026-09-23T11:08:02.1649232Z    ^[[33m^[[2m✓^[[22m^[[39m návrat do aplikace po ztrátě session^[[2m > ^[[22mdokončení úvodního průvodce bez platné relace otevře nový přihlašovací krok ^[[33m 1445^[[2mms^[[22m^[[39m
gates	Run npm run gates	2026-09-23T11:08:02.1651819Z    ^[[33m^[[2m✓^[[22m^[[39m oznámení změny session mezi okny^[[2m > ^[[22motevřená okna zjistí vypršení bez změny fokusu a panel nabídne nové přihlášení ^[[33m 1222^[[2mms^[[22m^[[39m
gates	Run npm run gates	2026-09-23T11:08:02.5917181Z  ^[[32m✓^[[39m tests/settings-persistence.test.js ^[[2m(^[[22m^[[2m31 tests^[[22m^[[2m)^[[22m^[[32m 113^[[2mms^[[22m^[[39m
gates	Run npm run gates	2026-09-23T11:08:03.2603965Z  ^[[32m✓^[[39m tests/settings-audio-test.test.js ^[[2m(^[[22m^[[2m10 tests^[[22m^[[2m)^[[22m^[[33m 937^[[2mms^[[22m^[[39m
gates	Run npm run gates	2026-09-23T11:08:03.8365229Z  ^[[32m✓^[[39m tests/desktop-progress.test.js ^[[2m(^[[22m^[[2m3 tests^[[22m^[[2m)^[[22m^[[32m 287^[[2mms^[[22m^[[39m
gates	Run npm run gates	2026-09-23T11:08:05.6023536Z  ^[[32m✓^[[39m tests/packaging.test.js ^[[2m(^[[22m^[[2m6 tests^[[22m^[[2m)^[[22m^[[33m 2705^[[2mms^[[22m^[[39m
gates	Run npm run gates	2026-09-23T11:08:05.6025860Z    ^[[33m^[[2m✓^[[22m^[[39m kontrakt electron-builderu^[[2m > ^[[22mbez podpisových proměnných provede nepodepsaný build plán a nespadne ^[[33m 1368^[[2mms^[[22m^[[39m
gates	Run npm run gates	2026-09-23T11:08:05.6027997Z    ^[[33m^[[2m✓^[[22m^[[39m kontrakt electron-builderu^[[2m > ^[[22múplná tajemství zapnou podpis a notarizaci, ale nikdy se nevypíší ^[[33m 1268^[[2mms^[[22m^[[39m
gates	Run npm run gates	2026-09-23T11:08:05.7960593Z  ^[[32m✓^[[39m tests/auth-error-screens.test.js ^[[2m(^[[22m^[[2m13 tests^[[22m^[[2m)^[[22m^[[33m 995^[[2mms^[[22m^[[39m
gates	Run npm run gates	2026-09-23T11:08:05.7962676Z    ^[[33m^[[2m✓^[[22m^[[39m chybové obrazovky přihlášení^[[2m > ^[[22mžádný z šesti důvodů nenechá panel prázdný ^[[33m 386^[[2mms^[[22m^[[39m
gates	Run npm run gates	2026-09-23T11:08:05.9961430Z  ^[[32m✓^[[39m tests/diagnostics.test.js ^[[2m(^[[22m^[[2m6 tests^[[22m^[[2m)^[[22m^[[32m 47^[[2mms^[[22m^[[39m
gates	Run npm run gates	2026-09-23T11:08:06.4554428Z  ^[[32m✓^[[39m tests/volba-firmy-v-relaci.test.js ^[[2m(^[[22m^[[2m14 tests^[[22m^[[2m)^[[22m^[[32m 102^[[2mms^[[22m^[[39m
gates	Run npm run gates	2026-09-23T11:08:06.8145651Z  ^[[32m✓^[[39m tests/permissions.test.js ^[[2m(^[[22m^[[2m18 tests^[[22m^[[2m)^[[22m^[[32m 20^[[2mms^[[22m^[[39m
gates	Run npm run gates	2026-09-23T11:08:07.5279307Z  ^[[32m✓^[[39m tests/nazev-zarizeni.test.js ^[[2m(^[[22m^[[2m8 tests^[[22m^[[2m)^[[22m^[[33m 367^[[2mms^[[22m^[[39m
gates	Run npm run gates	2026-09-23T11:08:08.3354457Z  ^[[32m✓^[[39m tests/zkratky-bez-kryti.test.js ^[[2m(^[[22m^[[2m9 tests^[[22m^[[2m)^[[22m^[[33m 404^[[2mms^[[22m^[[39m
gates	Run npm run gates	2026-09-23T11:08:08.3414770Z    ^[[33m^[[2m✓^[[22m^[[39m zkratky v liště nejsou slib bez krytí^[[2m > ^[[22mpřijatá zkratka se ukáže v nabídce, nepřijatá ne ^[[33m 392^[[2mms^[[22m^[[39m
gates	Run npm run gates	2026-09-23T11:08:08.7034374Z  ^[[32m✓^[[39m tests/settings-audio-permissions.test.js ^[[2m(^[[22m^[[2m11 tests^[[22m^[[2m)^[[22m^[[32m 27^[[2mms^[[22m^[[39m
gates	Run npm run gates	2026-09-23T11:08:10.1897544Z  ^[[32m✓^[[39m tests/tracking-card.test.js ^[[2m(^[[22m^[[2m10 tests^[[22m^[[2m)^[[22m^[[33m 1415^[[2mms^[[22m^[[39m
gates	Run npm run gates	2026-09-23T11:08:10.1914840Z    ^[[33m^[[2m✓^[[22m^[[39m LuTrack jako ukázka (compact=false)^[[2m > ^[[22mhned po vykreslení bez interakce viditelně říká, že se čas nikam neuloží ^[[33m 633^[[2mms^[[22m^[[39m
gates	Run npm run gates	2026-09-23T11:08:10.3486765Z  ^[[32m✓^[[39m tests/tray-space-warning.test.js ^[[2m(^[[22m^[[2m4 tests^[[22m^[[2m)^[[22m^[[33m 337^[[2mms^[[22m^[[39m
gates	Run npm run gates	2026-09-23T11:08:10.6043533Z  ^[[32m✓^[[39m tests/upload-company-selection.test.js ^[[2m(^[[22m^[[2m12 tests^[[22m^[[2m)^[[22m^[[32m 77^[[2mms^[[22m^[[39m
gates	Run npm run gates	2026-09-23T11:08:10.6874047Z  ^[[32m✓^[[39m tests/manifest.test.js ^[[2m(^[[22m^[[2m10 tests^[[22m^[[2m)^[[22m^[[32m 29^[[2mms^[[22m^[[39m
gates	Run npm run gates	2026-09-23T11:08:11.0863012Z  ^[[32m✓^[[39m tests/media-encoder.test.js ^[[2m(^[[22m^[[2m7 tests^[[22m^[[2m)^[[22m^[[32m 159^[[2mms^[[22m^[[39m
gates	Run npm run gates	2026-09-23T11:08:11.3939321Z  ^[[32m✓^[[39m tests/fronta-neztrati.test.js ^[[2m(^[[22m^[[2m8 tests^[[22m^[[2m)^[[22m^[[32m 14^[[2mms^[[22m^[[39m
gates	Run npm run gates	2026-09-23T11:08:11.7238067Z  ^[[32m✓^[[39m tests/zjisteni-firmy.test.js ^[[2m(^[[22m^[[2m10 tests^[[22m^[[2m)^[[22m^[[32m 18^[[2mms^[[22m^[[39m
gates	Run npm run gates	2026-09-23T11:08:12.0506477Z  ^[[32m✓^[[39m tests/meeting-upload.test.js ^[[2m(^[[22m^[[2m2 tests^[[22m^[[2m)^[[22m^[[32m 18^[[2mms^[[22m^[[39m
gates	Run npm run gates	2026-09-23T11:08:12.2834269Z  ^[[32m✓^[[39m tests/recordings-status.test.js ^[[2m(^[[22m^[[2m2 tests^[[22m^[[2m)^[[22m^[[33m 301^[[2mms^[[22m^[[39m
gates	Run npm run gates	2026-09-23T11:08:12.4487559Z ^[[90mstdout^[[2m | tests/verify-macos-release.test.js^[[2m > ^[[22m^[[2mověření podepsaného macOS releasu^[[2m > ^[[22m^[[2mmapuje x64 na Mach-O x86_64 a ověří aplikace uvnitř read-only DMG i ZIP
gates	Run npm run gates	2026-09-23T11:08:12.4514511Z ^[[22m^[[39mPASS DMG obraz a vložená aplikace: LuDone-Desktop-0.1.4-arm64.dmg
gates	Run npm run gates	2026-09-23T11:08:12.4515779Z 
gates	Run npm run gates	2026-09-23T11:08:12.4517778Z ^[[90mstdout^[[2m | tests/verify-macos-release.test.js^[[2m > ^[[22m^[[2mověření podepsaného macOS releasu^[[2m > ^[[22m^[[2mmapuje x64 na Mach-O x86_64 a ověří aplikace uvnitř read-only DMG i ZIP
gates	Run npm run gates	2026-09-23T11:08:12.4518997Z ^[[22m^[[39mPASS DMG obraz a vložená aplikace: LuDone-Desktop-0.1.4-x64.dmg
gates	Run npm run gates	2026-09-23T11:08:12.4519379Z 
gates	Run npm run gates	2026-09-23T11:08:12.4520261Z ^[[90mstdout^[[2m | tests/verify-macos-release.test.js^[[2m > ^[[22m^[[2mověření podepsaného macOS releasu^[[2m > ^[[22m^[[2mmapuje x64 na Mach-O x86_64 a ověří aplikace uvnitř read-only DMG i ZIP
gates	Run npm run gates	2026-09-23T11:08:12.4521686Z ^[[22m^[[39mPASS ZIP aplikace, architektura, podpis a notarizace: LuDone-Desktop-0.1.4-arm64.zip
gates	Run npm run gates	2026-09-23T11:08:12.4522126Z 
gates	Run npm run gates	2026-09-23T11:08:12.4546747Z ^[[90mstdout^[[2m | tests/verify-macos-release.test.js^[[2m > ^[[22m^[[2mověření podepsaného macOS releasu^[[2m > ^[[22m^[[2mmapuje x64 na Mach-O x86_64 a ověří aplikace uvnitř read-only DMG i ZIP
gates	Run npm run gates	2026-09-23T11:08:12.4569330Z ^[[22m^[[39mPASS ZIP aplikace, architektura, podpis a notarizace: LuDone-Desktop-0.1.4-x64.zip
gates	Run npm run gates	2026-09-23T11:08:12.4571634Z 
gates	Run npm run gates	2026-09-23T11:08:12.4662957Z  ^[[32m✓^[[39m tests/verify-macos-release.test.js ^[[2m(^[[22m^[[2m2 tests^[[22m^[[2m)^[[22m^[[32m 67^[[2mms^[[22m^[[39m
gates	Run npm run gates	2026-09-23T11:08:12.6920616Z  ^[[32m✓^[[39m tests/media-encoder-packaging.test.js ^[[2m(^[[22m^[[2m4 tests^[[22m^[[2m)^[[22m^[[32m 47^[[2mms^[[22m^[[39m
gates	Run npm run gates	2026-09-23T11:08:13.0774336Z  ^[[32m✓^[[39m tests/ikona-aplikace.test.js ^[[2m(^[[22m^[[2m4 tests^[[22m^[[2m)^[[22m^[[33m 11620^[[2mms^[[22m^[[39m
gates	Run npm run gates	2026-09-23T11:08:13.0804562Z    ^[[33m^[[2m✓^[[22m^[[39m ikona aplikace^[[2m > ^[[22mbuild.mac.icon ukazuje na existující neprázdnou sadu ICNS ^[[33m 2809^[[2mms^[[22m^[[39m
gates	Run npm run gates	2026-09-23T11:08:13.0843941Z    ^[[33m^[[2m✓^[[22m^[[39m ikona aplikace^[[2m > ^[[22mgenerátor vytváří všech deset PNG a reprodukovatelné ICNS ^[[33m 2111^[[2mms^[[22m^[[39m
gates	Run npm run gates	2026-09-23T11:08:13.0874457Z    ^[[33m^[[2m✓^[[22m^[[39m ikona aplikace^[[2m > ^[[22mzměna sdílených bodů, šířky i plátna mění glyf aplikace i lišty ^[[33m 5455^[[2mms^[[22m^[[39m
gates	Run npm run gates	2026-09-23T11:08:13.0882055Z    ^[[33m^[[2m✓^[[22m^[[39m ikona aplikace^[[2m > ^[[22mbalení vytvoří chybějící ikonu dříve, než spustí electron-builder ^[[33m 1244^[[2mms^[[22m^[[39m
gates	Run npm run gates	2026-09-23T11:08:13.1044472Z  ^[[32m✓^[[39m tests/proc-je-ticho.test.js ^[[2m(^[[22m^[[2m15 tests^[[22m^[[2m)^[[22m^[[32m 15^[[2mms^[[22m^[[39m
gates	Run npm run gates	2026-09-23T11:08:13.4669946Z  ^[[32m✓^[[39m tests/queue-scheduler.test.js ^[[2m(^[[22m^[[2m8 tests^[[22m^[[2m)^[[22m^[[32m 18^[[2mms^[[22m^[[39m
gates	Run npm run gates	2026-09-23T11:08:13.4774571Z  ^[[32m✓^[[39m tests/seznam-firem.test.js ^[[2m(^[[22m^[[2m10 tests^[[22m^[[2m)^[[22m^[[32m 15^[[2mms^[[22m^[[39m
gates	Run npm run gates	2026-09-23T11:08:13.8439582Z  ^[[32m✓^[[39m tests/auth-panel-blur-guard.test.js ^[[2m(^[[22m^[[2m6 tests^[[22m^[[2m)^[[22m^[[32m 11^[[2mms^[[22m^[[39m
gates	Run npm run gates	2026-09-23T11:08:13.8744882Z  ^[[32m✓^[[39m tests/release-artifacts.test.js ^[[2m(^[[22m^[[2m4 tests^[[22m^[[2m)^[[22m^[[32m 61^[[2mms^[[22m^[[39m
gates	Run npm run gates	2026-09-23T11:08:14.0024480Z  ^[[32m✓^[[39m tests/upload-company-selector.test.js ^[[2m(^[[22m^[[2m4 tests^[[22m^[[2m)^[[22m^[[33m 311^[[2mms^[[22m^[[39m
gates	Run npm run gates	2026-09-23T11:08:14.2130743Z  ^[[32m✓^[[39m tests/kalendar-zrusen.test.js ^[[2m(^[[22m^[[2m4 tests^[[22m^[[2m | ^[[22m^[[33m1 skipped^[[39m^[[2m)^[[22m^[[32m 17^[[2mms^[[22m^[[39m
gates	Run npm run gates	2026-09-23T11:08:14.2627216Z  ^[[32m✓^[[39m tests/publish-release-remote.test.js ^[[2m(^[[22m^[[2m2 tests^[[22m^[[2m)^[[22m^[[32m 67^[[2mms^[[22m^[[39m
gates	Run npm run gates	2026-09-23T11:08:14.3398716Z  ^[[32m✓^[[39m tests/pisma.test.js ^[[2m(^[[22m^[[2m4 tests^[[22m^[[2m)^[[22m^[[32m 9^[[2mms^[[22m^[[39m
gates	Run npm run gates	2026-09-23T11:08:14.5665967Z  ^[[32m✓^[[39m tests/firma-pro-odeslani.test.js ^[[2m(^[[22m^[[2m8 tests^[[22m^[[2m)^[[22m^[[32m 8^[[2mms^[[22m^[[39m
gates	Run npm run gates	2026-09-23T11:08:14.6384290Z  ^[[32m✓^[[39m tests/panel-blur-guard.test.js ^[[2m(^[[22m^[[2m6 tests^[[22m^[[2m)^[[22m^[[32m 5^[[2mms^[[22m^[[39m
gates	Run npm run gates	2026-09-23T11:08:14.7489076Z  ^[[32m✓^[[39m tests/fronta-symetrie.test.js ^[[2m(^[[22m^[[2m3 tests^[[22m^[[2m)^[[22m^[[32m 6^[[2mms^[[22m^[[39m
gates	Run npm run gates	2026-09-23T11:08:14.9707592Z  ^[[32m✓^[[39m tests/auth-wait-lifecycle.test.js ^[[2m(^[[22m^[[2m2 tests^[[22m^[[2m)^[[22m^[[32m 51^[[2mms^[[22m^[[39m
gates	Run npm run gates	2026-09-23T11:08:15.0080825Z  ^[[32m✓^[[39m tests/verify-published-release.test.js ^[[2m(^[[22m^[[2m7 tests^[[22m^[[2m)^[[22m^[[32m 22^[[2mms^[[22m^[[39m
gates	Run npm run gates	2026-09-23T11:08:15.1560227Z  ^[[32m✓^[[39m tests/oauth-state.test.js ^[[2m(^[[22m^[[2m10 tests^[[22m^[[2m)^[[22m^[[32m 20^[[2mms^[[22m^[[39m
gates	Run npm run gates	2026-09-23T11:08:15.3027753Z  ^[[32m✓^[[39m tests/opravneni-k-odesilani.test.js ^[[2m(^[[22m^[[2m14 tests^[[22m^[[2m)^[[22m^[[32m 10^[[2mms^[[22m^[[39m
gates	Run npm run gates	2026-09-23T11:08:15.3787253Z  ^[[32m✓^[[39m tests/release-workflow.test.js ^[[2m(^[[22m^[[2m4 tests^[[22m^[[2m)^[[22m^[[32m 7^[[2mms^[[22m^[[39m
gates	Run npm run gates	2026-09-23T11:08:15.6961247Z  ^[[32m✓^[[39m tests/brany-workflow.test.js ^[[2m(^[[22m^[[2m5 tests^[[22m^[[2m)^[[22m^[[32m 8^[[2mms^[[22m^[[39m
gates	Run npm run gates	2026-09-23T11:08:15.7614321Z  ^[[32m✓^[[39m tests/pkce.test.js ^[[2m(^[[22m^[[2m5 tests^[[22m^[[2m)^[[22m^[[32m 10^[[2mms^[[22m^[[39m
gates	Run npm run gates	2026-09-23T11:08:16.0483928Z  ^[[32m✓^[[39m tests/barvy.test.js ^[[2m(^[[22m^[[2m1 test^[[22m^[[2m)^[[22m^[[32m 7^[[2mms^[[22m^[[39m
gates	Run npm run gates	2026-09-23T11:08:16.0693342Z  ^[[32m✓^[[39m tests/electron-verze.test.js ^[[2m(^[[22m^[[2m3 tests^[[22m^[[2m)^[[22m^[[32m 9^[[2mms^[[22m^[[39m
gates	Run npm run gates	2026-09-23T11:08:16.4010864Z  ^[[32m✓^[[39m tests/recording-order-guard.test.js ^[[2m(^[[22m^[[2m1 test^[[22m^[[2m)^[[22m^[[32m 7^[[2mms^[[22m^[[39m
gates	Run npm run gates	2026-09-23T11:08:16.5227132Z  ^[[32m✓^[[39m tests/main-entry.test.js ^[[2m(^[[22m^[[2m1 test^[[22m^[[2m)^[[22m^[[32m 117^[[2mms^[[22m^[[39m
gates	Run npm run gates	2026-09-23T11:08:16.7435466Z  ^[[32m✓^[[39m tests/auth-timeout-guard.test.js ^[[2m(^[[22m^[[2m2 tests^[[22m^[[2m)^[[22m^[[32m 6^[[2mms^[[22m^[[39m
gates	Run npm run gates	2026-09-23T11:08:16.8124346Z  ^[[32m✓^[[39m tests/queue-card-labels.test.js ^[[2m(^[[22m^[[2m5 tests^[[22m^[[2m)^[[22m^[[33m 328^[[2mms^[[22m^[[39m
gates	Run npm run gates	2026-09-23T11:08:17.5560560Z  ^[[32m✓^[[39m tests/zachyceni-zdroju.test.js ^[[2m(^[[22m^[[2m3 tests^[[22m^[[2m)^[[22m^[[32m 7^[[2mms^[[22m^[[39m
gates	Run npm run gates	2026-09-23T11:08:17.5781606Z 
gates	Run npm run gates	2026-09-23T11:08:17.5792809Z ^[[2m Test Files ^[[22m ^[[1m^[[32m76 passed^[[39m^[[22m^[[90m (76)^[[39m
gates	Run npm run gates	2026-09-23T11:08:17.5796067Z ^[[2m      Tests ^[[22m ^[[1m^[[32m1554 passed^[[39m^[[22m^[[2m | ^[[22m^[[33m3 skipped^[[39m^[[90m (1557)^[[39m
gates	Run npm run gates	2026-09-23T11:08:17.5796966Z ^[[2m   Start at ^[[22m 11:07:43
gates	Run npm run gates	2026-09-23T11:08:17.5799946Z ^[[2m   Duration ^[[22m 34.19s^[[2m (transform 1.81s, setup 762ms, collect 21.31s, tests 54.89s, environment 721ms, prepare 8.49s)^[[22m
gates	Run npm run gates	2026-09-23T11:08:17.5800743Z 
gates	Run npm run gates	2026-09-23T11:08:17.7940861Z 
gates	Run npm run gates	2026-09-23T11:08:17.7941516Z > ludone-desktop-prototype@0.1.4 preskocene
gates	Run npm run gates	2026-09-23T11:08:17.7942079Z > node scripts/preskocene.mjs
gates	Run npm run gates	2026-09-23T11:08:17.7942501Z 
gates	Run npm run gates	2026-09-23T11:08:50.4398747Z [preskocene] 3 přeskočených, baseline 3 — v pořádku.
gates	Run npm run build	﻿2026-09-23T11:08:50.4539337Z ##[group]Run npm run build
gates	Run npm run build	2026-09-23T11:08:50.4539628Z ^[[36;1mnpm run build^[[0m
gates	Run npm run build	2026-09-23T11:08:50.4561389Z shell: /usr/bin/bash -e {0}
gates	Run npm run build	2026-09-23T11:08:50.4561664Z ##[endgroup]
gates	Run npm run build	2026-09-23T11:08:50.5503155Z 
gates	Run npm run build	2026-09-23T11:08:50.5503806Z > ludone-desktop-prototype@0.1.4 build
gates	Run npm run build	2026-09-23T11:08:50.5598250Z > vite build
gates	Run npm run build	2026-09-23T11:08:50.5598549Z 
gates	Run npm run build	2026-09-23T11:08:50.7576728Z ^[[36mvite v7.3.6 ^[[32mbuilding client environment for production...^[[36m^[[39m
gates	Run npm run build	2026-09-23T11:08:50.8363542Z transforming...
gates	Run npm run build	2026-09-23T11:08:51.7793513Z ^[[32m✓^[[39m 54 modules transformed.
gates	Run npm run build	2026-09-23T11:08:51.9705904Z rendering chunks...
gates	Run npm run build	2026-09-23T11:08:51.9778492Z computing gzip size...
gates	Run npm run build	2026-09-23T11:08:51.9875688Z ^[[2mdist/^[[22m^[[32mindex.html                                       ^[[39m^[[1m^[[2m  0.62 kB^[[22m^[[1m^[[22m^[[2m │ gzip:  0.37 kB^[[22m
gates	Run npm run build	2026-09-23T11:08:51.9877233Z ^[[2mdist/^[[22m^[[2massets/^[[22m^[[32minstrument-sans-latin-ext-oUstOPQL.woff2  ^[[39m^[[1m^[[2m 11.09 kB^[[22m^[[1m^[[22m
gates	Run npm run build	2026-09-23T11:08:51.9878742Z ^[[2mdist/^[[22m^[[2massets/^[[22m^[[32mpublic-sans-latin-ext-NN8edoJ2.woff2      ^[[39m^[[1m^[[2m 18.37 kB^[[22m^[[1m^[[22m
gates	Run npm run build	2026-09-23T11:08:51.9880352Z ^[[2mdist/^[[22m^[[2massets/^[[22m^[[32mpublic-sans-latin-CcEC6YbM.woff2          ^[[39m^[[1m^[[2m 26.64 kB^[[22m^[[1m^[[22m
gates	Run npm run build	2026-09-23T11:08:51.9881816Z ^[[2mdist/^[[22m^[[2massets/^[[22m^[[32minstrument-sans-latin-CclBWeUS.woff2      ^[[39m^[[1m^[[2m 29.90 kB^[[22m^[[1m^[[22m
gates	Run npm run build	2026-09-23T11:08:51.9883502Z ^[[2mdist/^[[22m^[[2massets/^[[22m^[[35mindex-M1CDdI_Q.css                        ^[[39m^[[1m^[[2m 45.28 kB^[[22m^[[1m^[[22m^[[2m │ gzip:  8.20 kB^[[22m
gates	Run npm run build	2026-09-23T11:08:51.9885005Z ^[[2mdist/^[[22m^[[2massets/^[[22m^[[36mindex-A1xWIjOE.js                         ^[[39m^[[1m^[[2m309.85 kB^[[22m^[[1m^[[22m^[[2m │ gzip: 93.61 kB^[[22m
gates	Run npm run build	2026-09-23T11:08:51.9886058Z ^[[32m✓ built in 1.19s^[[39m
gates	Post Run actions/setup-node@v4	﻿2026-09-23T11:08:52.0267544Z Node 20 is being deprecated. This workflow is running with Node 24 by default. If you need to temporarily use Node 20, you can set the ACTIONS_ALLOW_USE_UNSECURE_NODE_VERSION=true environment variable. For more information see: https://github.blog/changelog/2025-09-19-deprecation-of-node-20-on-github-actions-runners/
gates	Post Run actions/setup-node@v4	2026-09-23T11:08:52.0268694Z Post job cleanup.
gates	Post Run actions/setup-node@v4	2026-09-23T11:08:52.1477198Z (node:6330) [DEP0040] DeprecationWarning: The `punycode` module is deprecated. Please use a userland alternative instead.
gates	Post Run actions/setup-node@v4	2026-09-23T11:08:52.1478354Z (Use `node --trace-deprecation ...` to show where the warning was created)
gates	Post Run actions/setup-node@v4	2026-09-23T11:08:52.1480917Z Cache hit occurred on the primary key node-cache-Linux-x64-npm-7164946e0531f3f3b0379c8c6f4b0bba660a68cf5a9cbdf07cd0eb421061b6f5, not saving cache.
gates	Post Run actions/checkout@v4	﻿2026-09-23T11:08:52.1625388Z Node 20 is being deprecated. This workflow is running with Node 24 by default. If you need to temporarily use Node 20, you can set the ACTIONS_ALLOW_USE_UNSECURE_NODE_VERSION=true environment variable. For more information see: https://github.blog/changelog/2025-09-19-deprecation-of-node-20-on-github-actions-runners/
gates	Post Run actions/checkout@v4	2026-09-23T11:08:52.1626579Z Post job cleanup.
gates	Post Run actions/checkout@v4	2026-09-23T11:08:52.2491822Z [command]/usr/bin/git version
gates	Post Run actions/checkout@v4	2026-09-23T11:08:52.2531503Z git version 2.55.0
gates	Post Run actions/checkout@v4	2026-09-23T11:08:52.2567458Z Temporarily overriding HOME='/home/runner/work/_temp/8239e6ca-9633-44e9-aafc-d7f64ea9714e' before making global git config changes
gates	Post Run actions/checkout@v4	2026-09-23T11:08:52.2569086Z Adding repository directory to the temporary git global config as a safe directory
gates	Post Run actions/checkout@v4	2026-09-23T11:08:52.2573215Z [command]/usr/bin/git config --global --add safe.directory /home/runner/work/ludone-desktop/ludone-desktop
gates	Post Run actions/checkout@v4	2026-09-23T11:08:52.2611220Z [command]/usr/bin/git config --local --name-only --get-regexp core\.sshCommand
gates	Post Run actions/checkout@v4	2026-09-23T11:08:52.2644757Z [command]/usr/bin/git submodule foreach --recursive sh -c "git config --local --name-only --get-regexp 'core\.sshCommand' && git config --local --unset-all 'core.sshCommand' || :"
gates	Post Run actions/checkout@v4	2026-09-23T11:08:52.2858084Z [command]/usr/bin/git config --local --name-only --get-regexp http\.https\:\/\/github\.com\/\.extraheader
gates	Post Run actions/checkout@v4	2026-09-23T11:08:52.2885710Z http.https://github.com/.extraheader
gates	Post Run actions/checkout@v4	2026-09-23T11:08:52.2896854Z [command]/usr/bin/git config --local --unset-all http.https://github.com/.extraheader
gates	Post Run actions/checkout@v4	2026-09-23T11:08:52.2927128Z [command]/usr/bin/git submodule foreach --recursive sh -c "git config --local --name-only --get-regexp 'http\.https\:\/\/github\.com\/\.extraheader' && git config --local --unset-all 'http.https://github.com/.extraheader' || :"
gates	Post Run actions/checkout@v4	2026-09-23T11:08:52.3153229Z [command]/usr/bin/git config --local --name-only --get-regexp ^includeIf\.gitdir:
gates	Post Run actions/checkout@v4	2026-09-23T11:08:52.3190363Z [command]/usr/bin/git submodule foreach --recursive git config --local --show-origin --name-only --get-regexp remote.origin.url
gates	Complete job	﻿2026-09-23T11:08:52.3556981Z Cleaning up orphan processes
gates	Complete job	2026-09-23T11:08:52.3847648Z ##[warning]Node.js 20 is deprecated. The following actions target Node.js 20 but are being forced to run on Node.js 24: actions/checkout@v4, actions/setup-node@v4. For more information see: https://github.blog/changelog/2025-09-19-deprecation-of-node-20-on-github-actions-runners/

COMMAND_EXIT_CODE=0
