$ npm run preskocene

> ludone-desktop-prototype@0.1.0 preskocene
> node scripts/preskocene.mjs

node:internal/errors:983
  const err = new Error(message);
              ^

Error: Command failed: /Users/dan/.nvm/versions/node/v22.22.0/bin/node node_modules/vitest/vitest.mjs run --reporter=json
failed to load config from /Users/dan/orca/workspaces/ludone-desktop/desktop-prepinac-v-app/vitest.config.js

⎯⎯⎯⎯⎯⎯⎯ Startup Error ⎯⎯⎯⎯⎯⎯⎯⎯
Error: EPERM: operation not permitted, open '/Users/dan/orca/workspaces/ludone-desktop/desktop-prepinac-v-app/node_modules/.vite-temp/vitest.config.js.timestamp-1788905347239-b0ccc2f4898e6.mjs'
    at async open (node:internal/fs/promises:636:25)
    at async Object.writeFile (node:internal/fs/promises:1205:14)
    at async loadConfigFromBundledFile (file:///Users/dan/Dev/ClaudeCode/ludone-desktop/node_modules/vite/dist/node/chunks/config.js:35994:3)
    at async bundleAndLoadConfigFile (file:///Users/dan/Dev/ClaudeCode/ludone-desktop/node_modules/vite/dist/node/chunks/config.js:35884:17)
    at async loadConfigFromFile (file:///Users/dan/Dev/ClaudeCode/ludone-desktop/node_modules/vite/dist/node/chunks/config.js:35851:42)
    at async resolveConfig (file:///Users/dan/Dev/ClaudeCode/ludone-desktop/node_modules/vite/dist/node/chunks/config.js:35500:22)
    at async _createServer (file:///Users/dan/Dev/ClaudeCode/ludone-desktop/node_modules/vite/dist/node/chunks/config.js:25441:67)
    at async createViteServer (file:///Users/dan/Dev/ClaudeCode/ludone-desktop/node_modules/vitest/dist/chunks/cli-api.DVe0nWUx.js:6921:17)
    at async createVitest (file:///Users/dan/Dev/ClaudeCode/ludone-desktop/node_modules/vitest/dist/chunks/cli-api.DVe0nWUx.js:10212:17)
    at async prepareVitest (file:///Users/dan/Dev/ClaudeCode/ludone-desktop/node_modules/vitest/dist/chunks/cli-api.DVe0nWUx.js:10551:14) {
  errno: -1,
  code: 'EPERM',
  syscall: 'open',
  path: '/Users/dan/orca/workspaces/ludone-desktop/desktop-prepinac-v-app/node_modules/.vite-temp/vitest.config.js.timestamp-1788905347239-b0ccc2f4898e6.mjs'
}




    at genericNodeError (node:internal/errors:983:15)
    at wrappedFn (node:internal/errors:537:14)
    at checkExecSyncError (node:child_process:916:11)
    at execFileSync (node:child_process:952:15)
    at spustTesty (file:///Users/dan/orca/workspaces/ludone-desktop/desktop-prepinac-v-app/scripts/preskocene.mjs:26:14)
    at file:///Users/dan/orca/workspaces/ludone-desktop/desktop-prepinac-v-app/scripts/preskocene.mjs:53:18
    at ModuleJob.run (node:internal/modules/esm/module_job:343:25)
    at async onImport.tracePromise.__proto__ (node:internal/modules/esm/loader:665:26)
    at async asyncRunEntryPointWithESMLoader (node:internal/modules/run_main:117:5) {
  status: 1,
  signal: null,
  output: [
    null,
    '',
    'failed to load config from /Users/dan/orca/workspaces/ludone-desktop/desktop-prepinac-v-app/vitest.config.js\n' +
      '\n' +
      '⎯⎯⎯⎯⎯⎯⎯ Startup Error ⎯⎯⎯⎯⎯⎯⎯⎯\n' +
      "Error: EPERM: operation not permitted, open '/Users/dan/orca/workspaces/ludone-desktop/desktop-prepinac-v-app/node_modules/.vite-temp/vitest.config.js.timestamp-1788905347239-b0ccc2f4898e6.mjs'\n" +
      '    at async open (node:internal/fs/promises:636:25)\n' +
      '    at async Object.writeFile (node:internal/fs/promises:1205:14)\n' +
      '    at async loadConfigFromBundledFile (file:///Users/dan/Dev/ClaudeCode/ludone-desktop/node_modules/vite/dist/node/chunks/config.js:35994:3)\n' +
      '    at async bundleAndLoadConfigFile (file:///Users/dan/Dev/ClaudeCode/ludone-desktop/node_modules/vite/dist/node/chunks/config.js:35884:17)\n' +
      '    at async loadConfigFromFile (file:///Users/dan/Dev/ClaudeCode/ludone-desktop/node_modules/vite/dist/node/chunks/config.js:35851:42)\n' +
      '    at async resolveConfig (file:///Users/dan/Dev/ClaudeCode/ludone-desktop/node_modules/vite/dist/node/chunks/config.js:35500:22)\n' +
      '    at async _createServer (file:///Users/dan/Dev/ClaudeCode/ludone-desktop/node_modules/vite/dist/node/chunks/config.js:25441:67)\n' +
      '    at async createViteServer (file:///Users/dan/Dev/ClaudeCode/ludone-desktop/node_modules/vitest/dist/chunks/cli-api.DVe0nWUx.js:6921:17)\n' +
      '    at async createVitest (file:///Users/dan/Dev/ClaudeCode/ludone-desktop/node_modules/vitest/dist/chunks/cli-api.DVe0nWUx.js:10212:17)\n' +
      '    at async prepareVitest (file:///Users/dan/Dev/ClaudeCode/ludone-desktop/node_modules/vitest/dist/chunks/cli-api.DVe0nWUx.js:10551:14) {\n' +
      '  errno: -1,\n' +
      "  code: 'EPERM',\n" +
      "  syscall: 'open',\n" +
      "  path: '/Users/dan/orca/workspaces/ludone-desktop/desktop-prepinac-v-app/node_modules/.vite-temp/vitest.config.js.timestamp-1788905347239-b0ccc2f4898e6.mjs'\n" +
      '}\n' +
      '\n' +
      '\n' +
      '\n'
  ],
  pid: 41341,
  stdout: '',
  stderr: 'failed to load config from /Users/dan/orca/workspaces/ludone-desktop/desktop-prepinac-v-app/vitest.config.js\n' +
    '\n' +
    '⎯⎯⎯⎯⎯⎯⎯ Startup Error ⎯⎯⎯⎯⎯⎯⎯⎯\n' +
    "Error: EPERM: operation not permitted, open '/Users/dan/orca/workspaces/ludone-desktop/desktop-prepinac-v-app/node_modules/.vite-temp/vitest.config.js.timestamp-1788905347239-b0ccc2f4898e6.mjs'\n" +
    '    at async open (node:internal/fs/promises:636:25)\n' +
    '    at async Object.writeFile (node:internal/fs/promises:1205:14)\n' +
    '    at async loadConfigFromBundledFile (file:///Users/dan/Dev/ClaudeCode/ludone-desktop/node_modules/vite/dist/node/chunks/config.js:35994:3)\n' +
    '    at async bundleAndLoadConfigFile (file:///Users/dan/Dev/ClaudeCode/ludone-desktop/node_modules/vite/dist/node/chunks/config.js:35884:17)\n' +
    '    at async loadConfigFromFile (file:///Users/dan/Dev/ClaudeCode/ludone-desktop/node_modules/vite/dist/node/chunks/config.js:35851:42)\n' +
    '    at async resolveConfig (file:///Users/dan/Dev/ClaudeCode/ludone-desktop/node_modules/vite/dist/node/chunks/config.js:35500:22)\n' +
    '    at async _createServer (file:///Users/dan/Dev/ClaudeCode/ludone-desktop/node_modules/vite/dist/node/chunks/config.js:25441:67)\n' +
    '    at async createViteServer (file:///Users/dan/Dev/ClaudeCode/ludone-desktop/node_modules/vitest/dist/chunks/cli-api.DVe0nWUx.js:6921:17)\n' +
    '    at async createVitest (file:///Users/dan/Dev/ClaudeCode/ludone-desktop/node_modules/vitest/dist/chunks/cli-api.DVe0nWUx.js:10212:17)\n' +
    '    at async prepareVitest (file:///Users/dan/Dev/ClaudeCode/ludone-desktop/node_modules/vitest/dist/chunks/cli-api.DVe0nWUx.js:10551:14) {\n' +
    '  errno: -1,\n' +
    "  code: 'EPERM',\n" +
    "  syscall: 'open',\n" +
    "  path: '/Users/dan/orca/workspaces/ludone-desktop/desktop-prepinac-v-app/node_modules/.vite-temp/vitest.config.js.timestamp-1788905347239-b0ccc2f4898e6.mjs'\n" +
    '}\n' +
    '\n' +
    '\n' +
    '\n'
}

Node.js v22.22.0

Exit code: 1
